Archive member included to satisfy reference by file (symbol)

d:/professional_software/stm32cubeide_1.8.0/stm32cubeide/plugins/com.st.stm32cube.ide.mcu.externaltools.gnu-tools-for-stm32.9-2020-q2-update.win32_2.0.0.202105311346/tools/bin/../lib/gcc/arm-none-eabi/9.3.1/../../../../arm-none-eabi/lib/thumb/v7-m/nofp\libstdc++_nano.a(pure.o)
                              ./Ctrl_V/Driver/tb67h450_base.o (__cxa_pure_virtual)
d:/professional_software/stm32cubeide_1.8.0/stm32cubeide/plugins/com.st.stm32cube.ide.mcu.externaltools.gnu-tools-for-stm32.9-2020-q2-update.win32_2.0.0.202105311346/tools/bin/../lib/gcc/arm-none-eabi/9.3.1/../../../../arm-none-eabi/lib/thumb/v7-m/nofp\libstdc++_nano.a(eh_terminate.o)
                              d:/professional_software/stm32cubeide_1.8.0/stm32cubeide/plugins/com.st.stm32cube.ide.mcu.externaltools.gnu-tools-for-stm32.9-2020-q2-update.win32_2.0.0.202105311346/tools/bin/../lib/gcc/arm-none-eabi/9.3.1/../../../../arm-none-eabi/lib/thumb/v7-m/nofp\libstdc++_nano.a(pure.o) (std::terminate())
d:/professional_software/stm32cubeide_1.8.0/stm32cubeide/plugins/com.st.stm32cube.ide.mcu.externaltools.gnu-tools-for-stm32.9-2020-q2-update.win32_2.0.0.202105311346/tools/bin/../lib/gcc/arm-none-eabi/9.3.1/../../../../arm-none-eabi/lib/thumb/v7-m/nofp\libstdc++_nano.a(eh_unex_handler.o)
                              d:/professional_software/stm32cubeide_1.8.0/stm32cubeide/plugins/com.st.stm32cube.ide.mcu.externaltools.gnu-tools-for-stm32.9-2020-q2-update.win32_2.0.0.202105311346/tools/bin/../lib/gcc/arm-none-eabi/9.3.1/../../../../arm-none-eabi/lib/thumb/v7-m/nofp\libstdc++_nano.a(eh_terminate.o) (__cxxabiv1::__unexpected_handler)
d:/professional_software/stm32cubeide_1.8.0/stm32cubeide/plugins/com.st.stm32cube.ide.mcu.externaltools.gnu-tools-for-stm32.9-2020-q2-update.win32_2.0.0.202105311346/tools/bin/../lib/gcc/arm-none-eabi/9.3.1/../../../../arm-none-eabi/lib/thumb/v7-m/nofp\libstdc++_nano.a(eh_term_handler.o)
                              d:/professional_software/stm32cubeide_1.8.0/stm32cubeide/plugins/com.st.stm32cube.ide.mcu.externaltools.gnu-tools-for-stm32.9-2020-q2-update.win32_2.0.0.202105311346/tools/bin/../lib/gcc/arm-none-eabi/9.3.1/../../../../arm-none-eabi/lib/thumb/v7-m/nofp\libstdc++_nano.a(eh_terminate.o) (__cxxabiv1::__terminate_handler)
d:/professional_software/stm32cubeide_1.8.0/stm32cubeide/plugins/com.st.stm32cube.ide.mcu.externaltools.gnu-tools-for-stm32.9-2020-q2-update.win32_2.0.0.202105311346/tools/bin/../lib/gcc/arm-none-eabi/9.3.1/../../../../arm-none-eabi/lib/thumb/v7-m/nofp\libm.a(lib_a-wf_sqrt.o)
                              ./Ctrl_V/Motor/motor.o (sqrtf)
d:/professional_software/stm32cubeide_1.8.0/stm32cubeide/plugins/com.st.stm32cube.ide.mcu.externaltools.gnu-tools-for-stm32.9-2020-q2-update.win32_2.0.0.202105311346/tools/bin/../lib/gcc/arm-none-eabi/9.3.1/../../../../arm-none-eabi/lib/thumb/v7-m/nofp\libm.a(lib_a-ef_sqrt.o)
                              d:/professional_software/stm32cubeide_1.8.0/stm32cubeide/plugins/com.st.stm32cube.ide.mcu.externaltools.gnu-tools-for-stm32.9-2020-q2-update.win32_2.0.0.202105311346/tools/bin/../lib/gcc/arm-none-eabi/9.3.1/../../../../arm-none-eabi/lib/thumb/v7-m/nofp\libm.a(lib_a-wf_sqrt.o) (__ieee754_sqrtf)
d:/professional_software/stm32cubeide_1.8.0/stm32cubeide/plugins/com.st.stm32cube.ide.mcu.externaltools.gnu-tools-for-stm32.9-2020-q2-update.win32_2.0.0.202105311346/tools/bin/../lib/gcc/arm-none-eabi/9.3.1/../../../../arm-none-eabi/lib/thumb/v7-m/nofp\libm.a(lib_a-s_lib_ver.o)
                              d:/professional_software/stm32cubeide_1.8.0/stm32cubeide/plugins/com.st.stm32cube.ide.mcu.externaltools.gnu-tools-for-stm32.9-2020-q2-update.win32_2.0.0.202105311346/tools/bin/../lib/gcc/arm-none-eabi/9.3.1/../../../../arm-none-eabi/lib/thumb/v7-m/nofp\libm.a(lib_a-wf_sqrt.o) (__fdlib_version)
d:/professional_software/stm32cubeide_1.8.0/stm32cubeide/plugins/com.st.stm32cube.ide.mcu.externaltools.gnu-tools-for-stm32.9-2020-q2-update.win32_2.0.0.202105311346/tools/bin/../lib/gcc/arm-none-eabi/9.3.1/../../../../arm-none-eabi/lib/thumb/v7-m/nofp\libc_nano.a(lib_a-abort.o)
                              d:/professional_software/stm32cubeide_1.8.0/stm32cubeide/plugins/com.st.stm32cube.ide.mcu.externaltools.gnu-tools-for-stm32.9-2020-q2-update.win32_2.0.0.202105311346/tools/bin/../lib/gcc/arm-none-eabi/9.3.1/../../../../arm-none-eabi/lib/thumb/v7-m/nofp\libstdc++_nano.a(eh_terminate.o) (abort)
d:/professional_software/stm32cubeide_1.8.0/stm32cubeide/plugins/com.st.stm32cube.ide.mcu.externaltools.gnu-tools-for-stm32.9-2020-q2-update.win32_2.0.0.202105311346/tools/bin/../lib/gcc/arm-none-eabi/9.3.1/../../../../arm-none-eabi/lib/thumb/v7-m/nofp\libc_nano.a(lib_a-errno.o)
                              ./Core/Src/syscalls.o (__errno)
[...]
Memory Configuration

Name             Origin             Length             Attributes
RAM              0x0000000020000000 0x0000000000005000 xrw
FLASH            0x0000000008000000 0x0000000000010000 xr
*default*        0x0000000000000000 0xffffffffffffffff

Linker script and memory map

LOAD d:/professional_software/stm32cubeide_1.8.0/stm32cubeide/plugins/com.st.stm32cube.ide.mcu.externaltools.gnu-tools-for-stm32.9-2020-q2-update.win32_2.0.0.202105311346/tools/bin/../lib/gcc/arm-none-eabi/9.3.1/thumb/v7-m/nofp/crti.o
LOAD d:/professional_software/stm32cubeide_1.8.0/stm32cubeide/plugins/com.st.stm32cube.ide.mcu.externaltools.gnu-tools-for-stm32.9-2020-q2-update.win32_2.0.0.202105311346/tools/bin/../lib/gcc/arm-none-eabi/9.3.1/thumb/v7-m/nofp/crtbegin.o
LOAD d:/professional_software/stm32cubeide_1.8.0/stm32cubeide/plugins/com.st.stm32cube.ide.mcu.externaltools.gnu-tools-for-stm32.9-2020-q2-update.win32_2.0.0.202105311346/tools/bin/../lib/gcc/arm-none-eabi/9.3.1/../../../../arm-none-eabi/lib/thumb/v7-m/nofp/crt0.o
LOAD ./Core/Src/can.o
LOAD ./Core/Src/gpio.o
LOAD ./Core/Src/main.o
LOAD ./Core/Src/spi.o
LOAD ./Core/Src/stm32f1xx_hal_msp.o
LOAD ./Core/Src/stm32f1xx_it.o
LOAD ./Core/Src/syscalls.o
LOAD ./Core/Src/sysmem.o
LOAD ./Core/Src/system_stm32f1xx.o
LOAD ./Core/Src/time.o
LOAD ./Core/Src/uart.o
LOAD ./Core/Startup/startup_stm32f103c8tx.o
LOAD ./Ctrl_V/Driver/tb67h450_base.o
LOAD ./Ctrl_V/Motor/motion_planner.o
LOAD ./Ctrl_V/Motor/motor.o
LOAD ./Ctrl_V/Sensor/Encoder/encoder_calibrator_base.o
LOAD ./Ctrl_V/Sensor/Encoder/mt6816_base.o
LOAD ./Ctrl_V/Signal/button_base.o
LOAD ./Ctrl_V/Signal/led_base.o
LOAD ./Drivers/STM32F1xx_HAL_Driver/Src/stm32f1xx_hal.o
LOAD ./Drivers/STM32F1xx_HAL_Driver/Src/stm32f1xx_hal_can.o
LOAD ./Drivers/STM32F1xx_HAL_Driver/Src/stm32f1xx_hal_cortex.o
LOAD ./Drivers/STM32F1xx_HAL_Driver/Src/stm32f1xx_hal_dma.o
LOAD ./Drivers/STM32F1xx_HAL_Driver/Src/stm32f1xx_hal_exti.o
LOAD ./Drivers/STM32F1xx_HAL_Driver/Src/stm32f1xx_hal_flash.o
LOAD ./Drivers/STM32F1xx_HAL_Driver/Src/stm32f1xx_hal_flash_ex.o
LOAD ./Drivers/STM32F1xx_HAL_Driver/Src/stm32f1xx_hal_gpio.o
LOAD ./Drivers/STM32F1xx_HAL_Driver/Src/stm32f1xx_hal_gpio_ex.o
LOAD ./Drivers/STM32F1xx_HAL_Driver/Src/stm32f1xx_hal_pwr.o
LOAD ./Drivers/STM32F1xx_HAL_Driver/Src/stm32f1xx_hal_rcc.o
LOAD ./Drivers/STM32F1xx_HAL_Driver/Src/stm32f1xx_hal_rcc_ex.o
LOAD ./Drivers/STM32F1xx_HAL_Driver/Src/stm32f1xx_hal_spi.o
LOAD ./Drivers/STM32F1xx_HAL_Driver/Src/stm32f1xx_hal_tim.o
LOAD ./Drivers/STM32F1xx_HAL_Driver/Src/stm32f1xx_hal_tim_ex.o
LOAD ./Drivers/STM32F1xx_HAL_Driver/Src/stm32f1xx_hal_uart.o
LOAD ./Port/Platform/Memory/stockpile_f103cb.o
LOAD ./Port/Platform/Utils/st_hardware.o
LOAD ./Port/button_stm32.o
LOAD ./Port/encoder_calibrator_stm32.o
LOAD ./Port/mt6816_stm32.o
LOAD ./Port/tb67h450_stm32.o
LOAD ./UserApp/main.o
LOAD ./UserApp/protocols/interface_can.o
LOAD ./UserApp/protocols/interface_uart.o
START GROUP
LOAD d:/professional_software/stm32cubeide_1.8.0/stm32cubeide/plugins/com.st.stm32cube.ide.mcu.externaltools.gnu-tools-for-stm32.9-2020-q2-update.win32_2.0.0.202105311346/tools/bin/../lib/gcc/arm-none-eabi/9.3.1/../../../../arm-none-eabi/lib/thumb/v7-m/nofp\libstdc++_nano.a
LOAD d:/professional_software/stm32cubeide_1.8.0/stm32cubeide/plugins/com.st.stm32cube.ide.mcu.externaltools.gnu-tools-for-stm32.9-2020-q2-update.win32_2.0.0.202105311346/tools/bin/../lib/gcc/arm-none-eabi/9.3.1/../../../../arm-none-eabi/lib/thumb/v7-m/nofp\libsupc++_nano.a
END GROUP
LOAD d:/professional_software/stm32cubeide_1.8.0/stm32cubeide/plugins/com.st.stm32cube.ide.mcu.externaltools.gnu-tools-for-stm32.9-2020-q2-update.win32_2.0.0.202105311346/tools/bin/../lib/gcc/arm-none-eabi/9.3.1/../../../../arm-none-eabi/lib/thumb/v7-m/nofp\libstdc++_nano.a
LOAD d:/professional_software/stm32cubeide_1.8.0/stm32cubeide/plugins/com.st.stm32cube.ide.mcu.externaltools.gnu-tools-for-stm32.9-2020-q2-update.win32_2.0.0.202105311346/tools/bin/../lib/gcc/arm-none-eabi/9.3.1/../../../../arm-none-eabi/lib/thumb/v7-m/nofp\libm.a
LOAD d:/professional_software/stm32cubeide_1.8.0/stm32cubeide/plugins/com.st.stm32cube.ide.mcu.externaltools.gnu-tools-for-stm32.9-2020-q2-update.win32_2.0.0.202105311346/tools/bin/../lib/gcc/arm-none-eabi/9.3.1/../../../../arm-none-eabi/lib/thumb/v7-m/nofp\libc_nano.a
START GROUP
LOAD d:/professional_software/stm32cubeide_1.8.0/stm32cubeide/plugins/com.st.stm32cube.ide.mcu.externaltools.gnu-tools-for-stm32.9-2020-q2-update.win32_2.0.0.202105311346/tools/bin/../lib/gcc/arm-none-eabi/9.3.1/thumb/v7-m/nofp\libgcc.a
LOAD d:/professional_software/stm32cubeide_1.8.0/stm32cubeide/plugins/com.st.stm32cube.ide.mcu.externaltools.gnu-tools-for-stm32.9-2020-q2-update.win32_2.0.0.202105311346/tools/bin/../lib/gcc/arm-none-eabi/9.3.1/../../../../arm-none-eabi/lib/thumb/v7-m/nofp\libc_nano.a
END GROUP
START GROUP
LOAD d:/professional_software/stm32cubeide_1.8.0/stm32cubeide/plugins/com.st.stm32cube.ide.mcu.externaltools.gnu-tools-for-stm32.9-2020-q2-update.win32_2.0.0.202105311346/tools/bin/../lib/gcc/arm-none-eabi/9.3.1/thumb/v7-m/nofp\libgcc.a
LOAD d:/professional_software/stm32cubeide_1.8.0/stm32cubeide/plugins/com.st.stm32cube.ide.mcu.externaltools.gnu-tools-for-stm32.9-2020-q2-update.win32_2.0.0.202105311346/tools/bin/../lib/gcc/arm-none-eabi/9.3.1/../../../../arm-none-eabi/lib/thumb/v7-m/nofp\libc_nano.a
END GROUP
LOAD d:/professional_software/stm32cubeide_1.8.0/stm32cubeide/plugins/com.st.stm32cube.ide.mcu.externaltools.gnu-tools-for-stm32.9-2020-q2-update.win32_2.0.0.202105311346/tools/bin/../lib/gcc/arm-none-eabi/9.3.1/thumb/v7-m/nofp/crtend.o
LOAD d:/professional_software/stm32cubeide_1.8.0/stm32cubeide/plugins/com.st.stm32cube.ide.mcu.externaltools.gnu-tools-for-stm32.9-2020-q2-update.win32_2.0.0.202105311346/tools/bin/../lib/gcc/arm-none-eabi/9.3.1/thumb/v7-m/nofp/crtn.o
                0x0000000020005000                _estack = (ORIGIN (RAM) + LENGTH (RAM))
                0x0000000000000200                _Min_Heap_Size = 0x200
                0x0000000000000400                _Min_Stack_Size = 0x400

.isr_vector     0x0000000008000000      0x10c
                0x0000000008000000                . = ALIGN (0x4)
 *(.isr_vector)
 .isr_vector    0x0000000008000000      0x10c ./Core/Startup/startup_stm32f103c8tx.o
                0x0000000008000000                g_pfnVectors
                0x000000000800010c                . = ALIGN (0x4)

.text           0x0000000008000110     0x90e4
                0x0000000008000110                . = ALIGN (0x4)
 *(.text)
 .text          0x0000000008000110       0x40 d:/professional_software/stm32cubeide_1.8.0/stm32cubeide/plugins/com.st.stm32cube.ide.mcu.externaltools.gnu-tools-for-stm32.9-2020-q2-update.win32_2.0.0.202105311346/tools/bin/../lib/gcc/arm-none-eabi/9.3.1/thumb/v7-m/nofp/crtbegin.o
 .text          0x0000000008000150       0x10 d:/professional_software/stm32cubeide_1.8.0/stm32cubeide/plugins/com.st.stm32cube.ide.mcu.externaltools.gnu-tools-for-stm32.9-2020-q2-update.win32_2.0.0.202105311346/tools/bin/../lib/gcc/arm-none-eabi/9.3.1/../../../../arm-none-eabi/lib/thumb/v7-m/nofp\libc_nano.a(lib_a-strlen.o)
                0x0000000008000150                strlen
 .text          0x0000000008000160      0x378 d:/professional_software/stm32cubeide_1.8.0/stm32cubeide/plugins/com.st.stm32cube.ide.mcu.externaltools.gnu-tools-for-stm32.9-2020-q2-update.win32_2.0.0.202105311346/tools/bin/../lib/gcc/arm-none-eabi/9.3.1/thumb/v7-m/nofp\libgcc.a(_arm_addsubdf3.o)
                0x0000000008000160                __aeabi_drsub
                0x0000000008000168                __aeabi_dsub
                0x0000000008000168                __subdf3
                0x000000000800016c                __aeabi_dadd
                0x000000000800016c                __adddf3
                0x00000000080003e4                __floatunsidf
                0x00000000080003e4                __aeabi_ui2d
                0x0000000008000404                __floatsidf
                0x0000000008000404                __aeabi_i2d
                0x0000000008000428                __aeabi_f2d
                0x0000000008000428                __extendsfdf2
                0x000000000800046c                __floatundidf
                0x000000000800046c                __aeabi_ul2d
                0x000000000800047c                __floatdidf
                0x000000000800047c                __aeabi_l2d
 .text          0x00000000080004d8      0x424 d:/professional_software/stm32cubeide_1.8.0/stm32cubeide/plugins/com.st.stm32cube.ide.mcu.externaltools.gnu-tools-for-stm32.9-2020-q2-update.win32_2.0.0.202105311346/tools/bin/../lib/gcc/arm-none-eabi/9.3.1/thumb/v7-m/nofp\libgcc.a(_arm_muldivdf3.o)
                0x00000000080004d8                __aeabi_dmul
                0x00000000080004d8                __muldf3
                0x000000000800072c                __divdf3
                0x000000000800072c                __aeabi_ddiv
 .text          0x00000000080008fc      0x110 d:/professional_software/stm32cubeide_1.8.0/stm32cubeide/plugins/com.st.stm32cube.ide.mcu.externaltools.gnu-tools-for-stm32.9-2020-q2-update.win32_2.0.0.202105311346/tools/bin/../lib/gcc/arm-none-eabi/9.3.1/thumb/v7-m/nofp\libgcc.a(_arm_cmpdf2.o)
                0x00000000080008fc                __gtdf2
                0x00000000080008fc                __gedf2
                0x0000000008000904                __ltdf2
                0x0000000008000904                __ledf2
                0x000000000800090c                __nedf2
                0x000000000800090c                __eqdf2
                0x000000000800090c                __cmpdf2
                0x0000000008000988                __aeabi_cdrcmple
                0x0000000008000998                __aeabi_cdcmpeq
                0x0000000008000998                __aeabi_cdcmple
                0x00000000080009a8                __aeabi_dcmpeq
                0x00000000080009bc                __aeabi_dcmplt
                0x00000000080009d0                __aeabi_dcmple
                0x00000000080009e4                __aeabi_dcmpge
                0x00000000080009f8                __aeabi_dcmpgt
 .text          0x0000000008000a0c       0x2c d:/professional_software/stm32cubeide_1.8.0/stm32cubeide/plugins/com.st.stm32cube.ide.mcu.externaltools.gnu-tools-for-stm32.9-2020-q2-update.win32_2.0.0.202105311346/tools/bin/../lib/gcc/arm-none-eabi/9.3.1/thumb/v7-m/nofp\libgcc.a(_arm_unorddf2.o)
                0x0000000008000a0c                __unorddf2
                0x0000000008000a0c                __aeabi_dcmpun
 .text          0x0000000008000a38       0x40 d:/professional_software/stm32cubeide_1.8.0/stm32cubeide/plugins/com.st.stm32cube.ide.mcu.externaltools.gnu-tools-for-stm32.9-2020-q2-update.win32_2.0.0.202105311346/tools/bin/../lib/gcc/arm-none-eabi/9.3.1/thumb/v7-m/nofp\libgcc.a(_arm_fixunsdfsi.o)
                0x0000000008000a38                __aeabi_d2uiz
                0x0000000008000a38                __fixunsdfsi
 .text          0x0000000008000a78       0xa0 d:/professional_software/stm32cubeide_1.8.0/stm32cubeide/plugins/com.st.stm32cube.ide.mcu.externaltools.gnu-tools-for-stm32.9-2020-q2-update.win32_2.0.0.202105311346/tools/bin/../lib/gcc/arm-none-eabi/9.3.1/thumb/v7-m/nofp\libgcc.a(_arm_truncdfsf2.o)
                0x0000000008000a78                __truncdfsf2
                0x0000000008000a78                __aeabi_d2f
 .text          0x0000000008000b18      0x21c d:/professional_software/stm32cubeide_1.8.0/stm32cubeide/plugins/com.st.stm32cube.ide.mcu.externaltools.gnu-tools-for-stm32.9-2020-q2-update.win32_2.0.0.202105311346/tools/bin/../lib/gcc/arm-none-eabi/9.3.1/thumb/v7-m/nofp\libgcc.a(_arm_addsubsf3.o)
                0x0000000008000b18                __aeabi_frsub
                0x0000000008000b20                __subsf3
                0x0000000008000b20                __aeabi_fsub
                0x0000000008000b24                __aeabi_fadd
                0x0000000008000b24                __addsf3
                0x0000000008000c84                __aeabi_ui2f
                0x0000000008000c84                __floatunsisf
                0x0000000008000c8c                __aeabi_i2f
                0x0000000008000c8c                __floatsisf
                0x0000000008000ca8                __aeabi_ul2f
                0x0000000008000ca8                __floatundisf
                0x0000000008000cb8                __aeabi_l2f
                0x0000000008000cb8                __floatdisf
 .text          0x0000000008000d34      0x2a0 d:/professional_software/stm32cubeide_1.8.0/stm32cubeide/plugins/com.st.stm32cube.ide.mcu.externaltools.gnu-tools-for-stm32.9-2020-q2-update.win32_2.0.0.202105311346/tools/bin/../lib/gcc/arm-none-eabi/9.3.1/thumb/v7-m/nofp\libgcc.a(_arm_muldivsf3.o)
                0x0000000008000d34                __mulsf3
                0x0000000008000d34                __aeabi_fmul
                0x0000000008000e9c                __aeabi_fdiv
                0x0000000008000e9c                __divsf3
 .text          0x0000000008000fd4       0x34 d:/professional_software/stm32cubeide_1.8.0/stm32cubeide/plugins/com.st.stm32cube.ide.mcu.externaltools.gnu-tools-for-stm32.9-2020-q2-update.win32_2.0.0.202105311346/tools/bin/../lib/gcc/arm-none-eabi/9.3.1/thumb/v7-m/nofp\libgcc.a(_fixdfdi.o)
                0x0000000008000fd4                __fixdfdi
                0x0000000008000fd4                __aeabi_d2lz
 .text          0x0000000008001008       0x3c d:/professional_software/stm32cubeide_1.8.0/stm32cubeide/plugins/com.st.stm32cube.ide.mcu.externaltools.gnu-tools-for-stm32.9-2020-q2-update.win32_2.0.0.202105311346/tools/bin/../lib/gcc/arm-none-eabi/9.3.1/thumb/v7-m/nofp\libgcc.a(_fixunsdfdi.o)
                0x0000000008001008                __fixunsdfdi
                0x0000000008001008                __aeabi_d2ulz
 *(.text*)
 .text.MX_CAN_Init
                0x0000000008001044       0x68 ./Core/Src/can.o
                0x0000000008001044                MX_CAN_Init
 .text.MX_GPIO_Init
                0x00000000080010ac       0xc4 ./Core/Src/gpio.o
                0x00000000080010ac                MX_GPIO_Init
 .text.main     0x0000000008001170       0x2a ./Core/Src/main.o
                0x0000000008001170                main
 .text.SystemClock_Config
                0x000000000800119a       0x76 ./Core/Src/main.o
                0x000000000800119a                SystemClock_Config
 .text.Error_Handler
                0x0000000008001210        0xa ./Core/Src/main.o
                0x0000000008001210                Error_Handler
 *fill*         0x000000000800121a        0x2 
 .text.MX_SPI1_Init
                0x000000000800121c       0x6c ./Core/Src/spi.o
                0x000000000800121c                MX_SPI1_Init
 .text.HAL_MspInit
                0x0000000008001288       0x64 ./Core/Src/stm32f1xx_hal_msp.o
                0x0000000008001288                HAL_MspInit
 .text.HAL_CAN_MspInit
                0x00000000080012ec       0xc0 ./Core/Src/stm32f1xx_hal_msp.o
                0x00000000080012ec                HAL_CAN_MspInit
 .text.HAL_SPI_MspInit
                0x00000000080013ac       0xec ./Core/Src/stm32f1xx_hal_msp.o
                0x00000000080013ac                HAL_SPI_MspInit
 .text.HAL_TIM_Encoder_MspInit
                0x0000000008001498       0x80 ./Core/Src/stm32f1xx_hal_msp.o
                0x0000000008001498                HAL_TIM_Encoder_MspInit
 .text.HAL_TIM_PWM_MspInit
                0x0000000008001518       0x3c ./Core/Src/stm32f1xx_hal_msp.o
                0x0000000008001518                HAL_TIM_PWM_MspInit
 .text.HAL_TIM_MspPostInit
                0x0000000008001554       0x98 ./Core/Src/stm32f1xx_hal_msp.o
                0x0000000008001554                HAL_TIM_MspPostInit
 .text.HAL_UART_MspInit
                0x00000000080015ec       0xb4 ./Core/Src/stm32f1xx_hal_msp.o
                0x00000000080015ec                HAL_UART_MspInit
 .text.NMI_Handler
                0x00000000080016a0        0x6 ./Core/Src/stm32f1xx_it.o
                0x00000000080016a0                NMI_Handler
 .text.HardFault_Handler
                0x00000000080016a6        0x6 ./Core/Src/stm32f1xx_it.o
                0x00000000080016a6                HardFault_Handler
 .text.MemManage_Handler
                0x00000000080016ac        0x6 ./Core/Src/stm32f1xx_it.o
                0x00000000080016ac                MemManage_Handler
 .text.BusFault_Handler
                0x00000000080016b2        0x6 ./Core/Src/stm32f1xx_it.o
                0x00000000080016b2                BusFault_Handler
 .text.UsageFault_Handler
                0x00000000080016b8        0x6 ./Core/Src/stm32f1xx_it.o
                0x00000000080016b8                UsageFault_Handler
 .text.SVC_Handler
                0x00000000080016be        0xc ./Core/Src/stm32f1xx_it.o
                0x00000000080016be                SVC_Handler
 .text.DebugMon_Handler
                0x00000000080016ca        0xc ./Core/Src/stm32f1xx_it.o
                0x00000000080016ca                DebugMon_Handler
 .text.PendSV_Handler
                0x00000000080016d6        0xc ./Core/Src/stm32f1xx_it.o
                0x00000000080016d6                PendSV_Handler
 .text.SysTick_Handler
                0x00000000080016e2        0xc ./Core/Src/stm32f1xx_it.o
                0x00000000080016e2                SysTick_Handler
 .text._getpid  0x00000000080016ee        0xe ./Core/Src/syscalls.o
                0x00000000080016ee                _getpid
 .text._kill    0x00000000080016fc       0x20 ./Core/Src/syscalls.o
                0x00000000080016fc                _kill
 .text._exit    0x000000000800171c       0x14 ./Core/Src/syscalls.o
                0x000000000800171c                _exit
 .text._read    0x0000000008001730       0x3a ./Core/Src/syscalls.o
                0x0000000008001730                _read
 .text._write   0x000000000800176a       0x38 ./Core/Src/syscalls.o
                0x000000000800176a                _write
 .text._close   0x00000000080017a2       0x16 ./Core/Src/syscalls.o
                0x00000000080017a2                _close
 .text._fstat   0x00000000080017b8       0x1e ./Core/Src/syscalls.o
                0x00000000080017b8                _fstat
 .text._isatty  0x00000000080017d6       0x14 ./Core/Src/syscalls.o
                0x00000000080017d6                _isatty
 .text._lseek   0x00000000080017ea       0x18 ./Core/Src/syscalls.o
                0x00000000080017ea                _lseek
 *fill*         0x0000000008001802        0x2 
 .text._sbrk    0x0000000008001804       0x6c ./Core/Src/sysmem.o
                0x0000000008001804                _sbrk
 .text.SystemInit
                0x0000000008001870        0xc ./Core/Src/system_stm32f1xx.o
                0x0000000008001870                SystemInit
 .text.MX_TIM1_Init
                0x000000000800187c       0xb0 ./Core/Src/time.o
                0x000000000800187c                MX_TIM1_Init
 .text.MX_TIM3_Init
                0x000000000800192c       0xf4 ./Core/Src/time.o
                0x000000000800192c                MX_TIM3_Init
 .text.MX_USART1_UART_Init
                0x0000000008001a20       0x54 ./Core/Src/uart.o
                0x0000000008001a20                MX_USART1_UART_Init
 .text.Reset_Handler
                0x0000000008001a74       0x48 ./Core/Startup/startup_stm32f103c8tx.o
                0x0000000008001a74                Reset_Handler
 .text.Default_Handler
                0x0000000008001abc        0x2 ./Core/Startup/startup_stm32f103c8tx.o
                0x0000000008001abc                RTC_Alarm_IRQHandler
                0x0000000008001abc                EXTI2_IRQHandler
                0x0000000008001abc                TIM1_CC_IRQHandler
                0x0000000008001abc                PVD_IRQHandler
                0x0000000008001abc                EXTI3_IRQHandler
                0x0000000008001abc                EXTI0_IRQHandler
                0x0000000008001abc                I2C2_EV_IRQHandler
                0x0000000008001abc                ADC1_2_IRQHandler
                0x0000000008001abc                SPI1_IRQHandler
                0x0000000008001abc                TAMPER_IRQHandler
                0x0000000008001abc                DMA1_Channel4_IRQHandler
                0x0000000008001abc                USART3_IRQHandler
                0x0000000008001abc                RTC_IRQHandler
                0x0000000008001abc                DMA1_Channel7_IRQHandler
                0x0000000008001abc                CAN1_RX1_IRQHandler
                0x0000000008001abc                TIM4_IRQHandler
                0x0000000008001abc                I2C1_EV_IRQHandler
                0x0000000008001abc                DMA1_Channel6_IRQHandler
                0x0000000008001abc                TIM3_IRQHandler
                0x0000000008001abc                RCC_IRQHandler
                0x0000000008001abc                TIM1_TRG_COM_IRQHandler
                0x0000000008001abc                DMA1_Channel1_IRQHandler
                0x0000000008001abc                Default_Handler
                0x0000000008001abc                EXTI15_10_IRQHandler
                0x0000000008001abc                EXTI9_5_IRQHandler
                0x0000000008001abc                SPI2_IRQHandler
                0x0000000008001abc                DMA1_Channel5_IRQHandler
                0x0000000008001abc                EXTI4_IRQHandler
                0x0000000008001abc                USB_LP_CAN1_RX0_IRQHandler
                0x0000000008001abc                USB_HP_CAN1_TX_IRQHandler
                0x0000000008001abc                DMA1_Channel3_IRQHandler
                0x0000000008001abc                TIM1_UP_IRQHandler
                0x0000000008001abc                WWDG_IRQHandler
                0x0000000008001abc                TIM2_IRQHandler
                0x0000000008001abc                TIM1_BRK_IRQHandler
                0x0000000008001abc                EXTI1_IRQHandler
                0x0000000008001abc                USART2_IRQHandler
                0x0000000008001abc                I2C2_ER_IRQHandler
                0x0000000008001abc                DMA1_Channel2_IRQHandler
                0x0000000008001abc                CAN1_SCE_IRQHandler
                0x0000000008001abc                FLASH_IRQHandler
                0x0000000008001abc                USART1_IRQHandler
                0x0000000008001abc                I2C1_ER_IRQHandler
                0x0000000008001abc                USBWakeUp_IRQHandler
 .text._ZN12TB67H450Base4InitEv
                0x0000000008001abe       0x28 ./Ctrl_V/Driver/tb67h450_base.o
                0x0000000008001abe                TB67H450Base::Init()
 *fill*         0x0000000008001ae6        0x2 
 .text._ZN12TB67H450Base19SetFocCurrentVectorEml
                0x0000000008001ae8      0x15c ./Ctrl_V/Driver/tb67h450_base.o
                0x0000000008001ae8                TB67H450Base::SetFocCurrentVector(unsigned long, long)
 .text._ZN12TB67H450Base18SetTwoCoilsCurrentEtt
                0x0000000008001c44       0x28 ./Ctrl_V/Driver/tb67h450_base.o
                0x0000000008001c44                TB67H450Base::SetTwoCoilsCurrent(unsigned short, unsigned short)
 .text._ZN12TB67H450Base5SleepEv
                0x0000000008001c6c       0x50 ./Ctrl_V/Driver/tb67h450_base.o
                0x0000000008001c6c                TB67H450Base::Sleep()
 .text._ZN12TB67H450Base5BrakeEv
                0x0000000008001cbc       0x50 ./Ctrl_V/Driver/tb67h450_base.o
                0x0000000008001cbc                TB67H450Base::Brake()
 .text._ZN13MotionPlanner14CurrentTracker4InitEv
                0x0000000008001d0c       0x22 ./Ctrl_V/Motor/motion_planner.o
                0x0000000008001d0c                MotionPlanner::CurrentTracker::Init()
 .text._ZN13MotionPlanner14CurrentTracker13SetCurrentAccEl
                0x0000000008001d2e       0x1a ./Ctrl_V/Motor/motion_planner.o
                0x0000000008001d2e                MotionPlanner::CurrentTracker::SetCurrentAcc(long)
 .text._ZN13MotionPlanner15VelocityTracker4InitEv
                0x0000000008001d48       0x22 ./Ctrl_V/Motor/motion_planner.o
                0x0000000008001d48                MotionPlanner::VelocityTracker::Init()
 .text._ZN13MotionPlanner15VelocityTracker14SetVelocityAccEl
                0x0000000008001d6a       0x1a ./Ctrl_V/Motor/motion_planner.o
                0x0000000008001d6a                MotionPlanner::VelocityTracker::SetVelocityAcc(long)
 .text._ZN13MotionPlanner15PositionTracker4InitEv
                0x0000000008001d84       0x40 ./Ctrl_V/Motor/motion_planner.o
                0x0000000008001d84                MotionPlanner::PositionTracker::Init()
 .text._ZN13MotionPlanner15PositionTracker14SetVelocityAccEl
                0x0000000008001dc4       0x3c ./Ctrl_V/Motor/motion_planner.o
                0x0000000008001dc4                MotionPlanner::PositionTracker::SetVelocityAcc(long)
 .text._ZN13MotionPlanner20PositionInterpolator4InitEv
                0x0000000008001e00       0x12 ./Ctrl_V/Motor/motion_planner.o
                0x0000000008001e00                MotionPlanner::PositionInterpolator::Init()
 .text._ZN13MotionPlanner17TrajectoryTracker22SetSlowDownVelocityAccEl
                0x0000000008001e12       0x1a ./Ctrl_V/Motor/motion_planner.o
                0x0000000008001e12                MotionPlanner::TrajectoryTracker::SetSlowDownVelocityAcc(long)
 .text._ZN13MotionPlanner17TrajectoryTracker4InitEl
                0x0000000008001e2c       0x2a ./Ctrl_V/Motor/motion_planner.o
                0x0000000008001e2c                MotionPlanner::TrajectoryTracker::Init(long)
 .text._ZN13MotionPlanner12AttachConfigEPNS_8Config_tE
                0x0000000008001e56       0x4e ./Ctrl_V/Motor/motion_planner.o
                0x0000000008001e56                MotionPlanner::AttachConfig(MotionPlanner::Config_t*)
 .text._ZN5Motor13AttachEncoderEP11EncoderBase
                0x0000000008001ea4       0x1c ./Ctrl_V/Motor/motor.o
                0x0000000008001ea4                Motor::AttachEncoder(EncoderBase*)
 .text._ZN5Motor12AttachDriverEP10DriverBase
                0x0000000008001ec0       0x1c ./Ctrl_V/Motor/motor.o
                0x0000000008001ec0                Motor::AttachDriver(DriverBase*)
 .text._ZN5Motor10Controller19SetPositionSetPointEl
                0x0000000008001edc       0x22 ./Ctrl_V/Motor/motor.o
                0x0000000008001edc                Motor::Controller::SetPositionSetPoint(long)
 .text._ZN5Motor10Controller19SetVelocitySetPointEl
                0x0000000008001efe       0x34 ./Ctrl_V/Motor/motor.o
                0x0000000008001efe                Motor::Controller::SetVelocitySetPoint(long)
 .text._ZN5Motor10Controller18SetCurrentSetPointEl
                0x0000000008001f32       0x4e ./Ctrl_V/Motor/motor.o
                0x0000000008001f32                Motor::Controller::SetCurrentSetPoint(long)
 .text._ZN5Motor10Controller14ClearStallFlagEv
                0x0000000008001f80       0x1e ./Ctrl_V/Motor/motor.o
                0x0000000008001f80                Motor::Controller::ClearStallFlag()
 *fill*         0x0000000008001f9e        0x2 
 .text._ZN5Motor10Controller4InitEv
                0x0000000008001fa0      0x168 ./Ctrl_V/Motor/motor.o
                0x0000000008001fa0                Motor::Controller::Init()
 .text._ZN5Motor10Controller12AttachConfigEPNS0_8Config_tE
                0x0000000008002108       0x1a ./Ctrl_V/Motor/motor.o
                0x0000000008002108                Motor::Controller::AttachConfig(Motor::Controller::Config_t*)
 *fill*         0x0000000008002122        0x2 
 .text._ZN21EncoderCalibratorBase20CalibrationDataCheckEv
                0x0000000008002124      0x2a4 ./Ctrl_V/Sensor/Encoder/encoder_calibrator_base.o
                0x0000000008002124                EncoderCalibratorBase::CalibrationDataCheck()
 .text._ZN21EncoderCalibratorBase12TickMainLoopEv
                0x00000000080023c8      0x490 ./Ctrl_V/Sensor/Encoder/encoder_calibrator_base.o
                0x00000000080023c8                EncoderCalibratorBase::TickMainLoop()
 .text._ZN21EncoderCalibratorBase8CycleModEmm
                0x0000000008002858       0x28 ./Ctrl_V/Sensor/Encoder/encoder_calibrator_base.o
                0x0000000008002858                EncoderCalibratorBase::CycleMod(unsigned long, unsigned long)
 .text._ZN21EncoderCalibratorBase13CycleSubtractElll
                0x0000000008002880       0x46 ./Ctrl_V/Sensor/Encoder/encoder_calibrator_base.o
                0x0000000008002880                EncoderCalibratorBase::CycleSubtract(long, long, long)
 .text._ZN21EncoderCalibratorBase12CycleAverageElll
                0x00000000080028c6       0x5c ./Ctrl_V/Sensor/Encoder/encoder_calibrator_base.o
                0x00000000080028c6                EncoderCalibratorBase::CycleAverage(long, long, long)
 .text._ZN10MT6816Base4InitEv
                0x0000000008002922       0x64 ./Ctrl_V/Sensor/Encoder/mt6816_base.o
                0x0000000008002922                MT6816Base::Init()
 .text._ZN10MT6816Base11UpdateAngleEv
                0x0000000008002986      0x126 ./Ctrl_V/Sensor/Encoder/mt6816_base.o
                0x0000000008002986                MT6816Base::UpdateAngle()
 .text._ZN10MT6816Base12IsCalibratedEv
                0x0000000008002aac       0x16 ./Ctrl_V/Sensor/Encoder/mt6816_base.o
                0x0000000008002aac                MT6816Base::IsCalibrated()
 .text._ZN10ButtonBase18SetOnEventListenerEPFvNS_5EventEE
                0x0000000008002ac2       0x30 ./Ctrl_V/Signal/button_base.o
                0x0000000008002ac2                ButtonBase::SetOnEventListener(void (*)(ButtonBase::Event))
 *fill*         0x0000000008002af2        0x2 
 .text.HAL_Init
                0x0000000008002af4       0x2c ./Drivers/STM32F1xx_HAL_Driver/Src/stm32f1xx_hal.o
                0x0000000008002af4                HAL_Init
 .text.HAL_InitTick
                0x0000000008002b20       0x60 ./Drivers/STM32F1xx_HAL_Driver/Src/stm32f1xx_hal.o
                0x0000000008002b20                HAL_InitTick
 .text.HAL_IncTick
                0x0000000008002b80       0x24 ./Drivers/STM32F1xx_HAL_Driver/Src/stm32f1xx_hal.o
                0x0000000008002b80                HAL_IncTick
 .text.HAL_GetTick
                0x0000000008002ba4       0x14 ./Drivers/STM32F1xx_HAL_Driver/Src/stm32f1xx_hal.o
                0x0000000008002ba4                HAL_GetTick
 .text.HAL_Delay
                0x0000000008002bb8       0x48 ./Drivers/STM32F1xx_HAL_Driver/Src/stm32f1xx_hal.o
                0x0000000008002bb8                HAL_Delay
 .text.HAL_CAN_Init
                0x0000000008002c00      0x1f6 ./Drivers/STM32F1xx_HAL_Driver/Src/stm32f1xx_hal_can.o
                0x0000000008002c00                HAL_CAN_Init
 *fill*         0x0000000008002df6        0x2 
 .text.__NVIC_SetPriorityGrouping
                0x0000000008002df8       0x48 ./Drivers/STM32F1xx_HAL_Driver/Src/stm32f1xx_hal_cortex.o
 .text.__NVIC_GetPriorityGrouping
                0x0000000008002e40       0x1c ./Drivers/STM32F1xx_HAL_Driver/Src/stm32f1xx_hal_cortex.o
 .text.__NVIC_SetPriority
                0x0000000008002e5c       0x54 ./Drivers/STM32F1xx_HAL_Driver/Src/stm32f1xx_hal_cortex.o
 .text.NVIC_EncodePriority
                0x0000000008002eb0       0x64 ./Drivers/STM32F1xx_HAL_Driver/Src/stm32f1xx_hal_cortex.o
 .text.__NVIC_SystemReset
                0x0000000008002f14       0x2c ./Drivers/STM32F1xx_HAL_Driver/Src/stm32f1xx_hal_cortex.o
 .text.SysTick_Config
                0x0000000008002f40       0x44 ./Drivers/STM32F1xx_HAL_Driver/Src/stm32f1xx_hal_cortex.o
 .text.HAL_NVIC_SetPriorityGrouping
                0x0000000008002f84       0x16 ./Drivers/STM32F1xx_HAL_Driver/Src/stm32f1xx_hal_cortex.o
                0x0000000008002f84                HAL_NVIC_SetPriorityGrouping
 .text.HAL_NVIC_SetPriority
                0x0000000008002f9a       0x38 ./Drivers/STM32F1xx_HAL_Driver/Src/stm32f1xx_hal_cortex.o
                0x0000000008002f9a                HAL_NVIC_SetPriority
 .text.HAL_NVIC_SystemReset
                0x0000000008002fd2        0x8 ./Drivers/STM32F1xx_HAL_Driver/Src/stm32f1xx_hal_cortex.o
                0x0000000008002fd2                HAL_NVIC_SystemReset
 .text.HAL_SYSTICK_Config
                0x0000000008002fda       0x18 ./Drivers/STM32F1xx_HAL_Driver/Src/stm32f1xx_hal_cortex.o
                0x0000000008002fda                HAL_SYSTICK_Config
 *fill*         0x0000000008002ff2        0x2 
 .text.HAL_FLASH_Program
                0x0000000008002ff4       0xe0 ./Drivers/STM32F1xx_HAL_Driver/Src/stm32f1xx_hal_flash.o
                0x0000000008002ff4                HAL_FLASH_Program
 .text.HAL_FLASH_Unlock
                0x00000000080030d4       0x4c ./Drivers/STM32F1xx_HAL_Driver/Src/stm32f1xx_hal_flash.o
                0x00000000080030d4                HAL_FLASH_Unlock
 .text.HAL_FLASH_Lock
                0x0000000008003120       0x20 ./Drivers/STM32F1xx_HAL_Driver/Src/stm32f1xx_hal_flash.o
                0x0000000008003120                HAL_FLASH_Lock
 .text.FLASH_Program_HalfWord
                0x0000000008003140       0x38 ./Drivers/STM32F1xx_HAL_Driver/Src/stm32f1xx_hal_flash.o
 .text.FLASH_WaitForLastOperation
                0x0000000008003178       0x8c ./Drivers/STM32F1xx_HAL_Driver/Src/stm32f1xx_hal_flash.o
                0x0000000008003178                FLASH_WaitForLastOperation
 .text.FLASH_SetErrorCode
                0x0000000008003204       0xa0 ./Drivers/STM32F1xx_HAL_Driver/Src/stm32f1xx_hal_flash.o
 .text.HAL_FLASHEx_Erase
                0x00000000080032a4       0xd8 ./Drivers/STM32F1xx_HAL_Driver/Src/stm32f1xx_hal_flash_ex.o
                0x00000000080032a4                HAL_FLASHEx_Erase
 .text.FLASH_MassErase
                0x000000000800337c       0x38 ./Drivers/STM32F1xx_HAL_Driver/Src/stm32f1xx_hal_flash_ex.o
 .text.FLASH_PageErase
                0x00000000080033b4       0x40 ./Drivers/STM32F1xx_HAL_Driver/Src/stm32f1xx_hal_flash_ex.o
                0x00000000080033b4                FLASH_PageErase
 .text.HAL_GPIO_Init
                0x00000000080033f4      0x308 ./Drivers/STM32F1xx_HAL_Driver/Src/stm32f1xx_hal_gpio.o
                0x00000000080033f4                HAL_GPIO_Init
 .text.HAL_GPIO_ReadPin
                0x00000000080036fc       0x2e ./Drivers/STM32F1xx_HAL_Driver/Src/stm32f1xx_hal_gpio.o
                0x00000000080036fc                HAL_GPIO_ReadPin
 .text.HAL_GPIO_WritePin
                0x000000000800372a       0x30 ./Drivers/STM32F1xx_HAL_Driver/Src/stm32f1xx_hal_gpio.o
                0x000000000800372a                HAL_GPIO_WritePin
 *fill*         0x000000000800375a        0x2 
 .text.HAL_RCC_OscConfig
                0x000000000800375c      0x500 ./Drivers/STM32F1xx_HAL_Driver/Src/stm32f1xx_hal_rcc.o
                0x000000000800375c                HAL_RCC_OscConfig
 .text.HAL_RCC_ClockConfig
                0x0000000008003c5c      0x1d4 ./Drivers/STM32F1xx_HAL_Driver/Src/stm32f1xx_hal_rcc.o
                0x0000000008003c5c                HAL_RCC_ClockConfig
 .text.HAL_RCC_GetSysClockFreq
                0x0000000008003e30       0xc0 ./Drivers/STM32F1xx_HAL_Driver/Src/stm32f1xx_hal_rcc.o
                0x0000000008003e30                HAL_RCC_GetSysClockFreq
 .text.HAL_RCC_GetHCLKFreq
                0x0000000008003ef0       0x14 ./Drivers/STM32F1xx_HAL_Driver/Src/stm32f1xx_hal_rcc.o
                0x0000000008003ef0                HAL_RCC_GetHCLKFreq
 .text.HAL_RCC_GetPCLK1Freq
                0x0000000008003f04       0x28 ./Drivers/STM32F1xx_HAL_Driver/Src/stm32f1xx_hal_rcc.o
                0x0000000008003f04                HAL_RCC_GetPCLK1Freq
 .text.HAL_RCC_GetPCLK2Freq
                0x0000000008003f2c       0x28 ./Drivers/STM32F1xx_HAL_Driver/Src/stm32f1xx_hal_rcc.o
                0x0000000008003f2c                HAL_RCC_GetPCLK2Freq
 .text.RCC_Delay
                0x0000000008003f54       0x3c ./Drivers/STM32F1xx_HAL_Driver/Src/stm32f1xx_hal_rcc.o
 .text.HAL_SPI_Init
                0x0000000008003f90      0x108 ./Drivers/STM32F1xx_HAL_Driver/Src/stm32f1xx_hal_spi.o
                0x0000000008003f90                HAL_SPI_Init
 .text.HAL_SPI_TransmitReceive
                0x0000000008004098      0x344 ./Drivers/STM32F1xx_HAL_Driver/Src/stm32f1xx_hal_spi.o
                0x0000000008004098                HAL_SPI_TransmitReceive
 .text.SPI_WaitFlagStateUntilTimeout
                0x00000000080043dc      0x110 ./Drivers/STM32F1xx_HAL_Driver/Src/stm32f1xx_hal_spi.o
 .text.SPI_EndRxTxTransaction
                0x00000000080044ec       0x3c ./Drivers/STM32F1xx_HAL_Driver/Src/stm32f1xx_hal_spi.o
 .text.HAL_TIM_Base_Start_IT
                0x0000000008004528       0xa4 ./Drivers/STM32F1xx_HAL_Driver/Src/stm32f1xx_hal_tim.o
                0x0000000008004528                HAL_TIM_Base_Start_IT
 .text.HAL_TIM_PWM_Init
                0x00000000080045cc       0x9e ./Drivers/STM32F1xx_HAL_Driver/Src/stm32f1xx_hal_tim.o
                0x00000000080045cc                HAL_TIM_PWM_Init
 .text.HAL_TIM_Encoder_Init
                0x000000000800466a      0x144 ./Drivers/STM32F1xx_HAL_Driver/Src/stm32f1xx_hal_tim.o
                0x000000000800466a                HAL_TIM_Encoder_Init
 *fill*         0x00000000080047ae        0x2 
 .text.HAL_TIM_PWM_ConfigChannel
                0x00000000080047b0      0x17c ./Drivers/STM32F1xx_HAL_Driver/Src/stm32f1xx_hal_tim.o
                0x00000000080047b0                HAL_TIM_PWM_ConfigChannel
 .text.TIM_Base_SetConfig
                0x000000000800492c       0xc4 ./Drivers/STM32F1xx_HAL_Driver/Src/stm32f1xx_hal_tim.o
                0x000000000800492c                TIM_Base_SetConfig
 .text.TIM_OC1_SetConfig
                0x00000000080049f0       0xcc ./Drivers/STM32F1xx_HAL_Driver/Src/stm32f1xx_hal_tim.o
 .text.TIM_OC2_SetConfig
                0x0000000008004abc       0xd4 ./Drivers/STM32F1xx_HAL_Driver/Src/stm32f1xx_hal_tim.o
                0x0000000008004abc                TIM_OC2_SetConfig
 .text.TIM_OC3_SetConfig
                0x0000000008004b90       0xd4 ./Drivers/STM32F1xx_HAL_Driver/Src/stm32f1xx_hal_tim.o
 .text.TIM_OC4_SetConfig
                0x0000000008004c64       0x9c ./Drivers/STM32F1xx_HAL_Driver/Src/stm32f1xx_hal_tim.o
 .text.HAL_TIMEx_MasterConfigSynchronization
                0x0000000008004d00       0xbc ./Drivers/STM32F1xx_HAL_Driver/Src/stm32f1xx_hal_tim_ex.o
                0x0000000008004d00                HAL_TIMEx_MasterConfigSynchronization
 .text.HAL_UART_Init
                0x0000000008004dbc       0x9a ./Drivers/STM32F1xx_HAL_Driver/Src/stm32f1xx_hal_uart.o
                0x0000000008004dbc                HAL_UART_Init
 *fill*         0x0000000008004e56        0x2 
 .text.UART_SetConfig
                0x0000000008004e58      0x11c ./Drivers/STM32F1xx_HAL_Driver/Src/stm32f1xx_hal_uart.o
 .text.Stockpile_Flash_Data_Empty
                0x0000000008004f74       0x6c ./Port/Platform/Memory/stockpile_f103cb.o
                0x0000000008004f74                Stockpile_Flash_Data_Empty
 .text.Stockpile_Flash_Data_Begin
                0x0000000008004fe0       0x1c ./Port/Platform/Memory/stockpile_f103cb.o
                0x0000000008004fe0                Stockpile_Flash_Data_Begin
 .text.Stockpile_Flash_Data_End
                0x0000000008004ffc       0x14 ./Port/Platform/Memory/stockpile_f103cb.o
                0x0000000008004ffc                Stockpile_Flash_Data_End
 .text.Stockpile_Flash_Data_Write_Data16
                0x0000000008005010       0x7c ./Port/Platform/Memory/stockpile_f103cb.o
                0x0000000008005010                Stockpile_Flash_Data_Write_Data16
 .text._ZN6Button15ReadButtonPinIOEh
                0x000000000800508c       0x54 ./Port/button_stm32.o
                0x000000000800508c                Button::ReadButtonPinIO(unsigned char)
 .text._ZN17EncoderCalibrator15BeginWriteFlashEv
                0x00000000080050e0       0x1c ./Port/encoder_calibrator_stm32.o
                0x00000000080050e0                EncoderCalibrator::BeginWriteFlash()
 .text._ZN17EncoderCalibrator13EndWriteFlashEv
                0x00000000080050fc       0x1c ./Port/encoder_calibrator_stm32.o
                0x00000000080050fc                EncoderCalibrator::EndWriteFlash()
 .text._ZN17EncoderCalibrator10ClearFlashEv
                0x0000000008005118       0x1c ./Port/encoder_calibrator_stm32.o
                0x0000000008005118                EncoderCalibrator::ClearFlash()
 .text._ZN17EncoderCalibrator22WriteFlash16bitsAppendEt
                0x0000000008005134       0x24 ./Port/encoder_calibrator_stm32.o
                0x0000000008005134                EncoderCalibrator::WriteFlash16bitsAppend(unsigned short)
 .text._ZN6MT68167SpiInitEv
                0x0000000008005158       0x14 ./Port/mt6816_stm32.o
                0x0000000008005158                MT6816::SpiInit()
 .text._ZN6MT681624SpiTransmitAndRead16BitsEt
                0x000000000800516c       0x44 ./Port/mt6816_stm32.o
                0x000000000800516c                MT6816::SpiTransmitAndRead16Bits(unsigned short)
 .text._ZN8TB67H4508InitGpioEv
                0x00000000080051b0       0x8c ./Port/tb67h450_stm32.o
                0x00000000080051b0                TB67H450::InitGpio()
 .text._ZN8TB67H4507InitPwmEv
                0x000000000800523c       0x14 ./Port/tb67h450_stm32.o
                0x000000000800523c                TB67H450::InitPwm()
 .text._ZN8TB67H45016DacOutputVoltageEtt
                0x0000000008005250       0x34 ./Port/tb67h450_stm32.o
                0x0000000008005250                TB67H450::DacOutputVoltage(unsigned short, unsigned short)
 .text._ZN8TB67H4509SetInputAEbb
                0x0000000008005284       0x48 ./Port/tb67h450_stm32.o
                0x0000000008005284                TB67H450::SetInputA(bool, bool)
 .text._ZN8TB67H4509SetInputBEbb
                0x00000000080052cc       0x48 ./Port/tb67h450_stm32.o
                0x00000000080052cc                TB67H450::SetInputB(bool, bool)
 .text._ZN13MotionPlanner14CurrentTrackerC2EPS_
                0x0000000008005314       0x34 ./UserApp/main.o
                0x0000000008005314                MotionPlanner::CurrentTracker::CurrentTracker(MotionPlanner*)
                0x0000000008005314                MotionPlanner::CurrentTracker::CurrentTracker(MotionPlanner*)
 .text._ZN13MotionPlanner15VelocityTrackerC2EPS_
                0x0000000008005348       0x34 ./UserApp/main.o
                0x0000000008005348                MotionPlanner::VelocityTracker::VelocityTracker(MotionPlanner*)
                0x0000000008005348                MotionPlanner::VelocityTracker::VelocityTracker(MotionPlanner*)
 .text._ZN13MotionPlanner15PositionTrackerC2EPS_
                0x000000000800537c       0x5a ./UserApp/main.o
                0x000000000800537c                MotionPlanner::PositionTracker::PositionTracker(MotionPlanner*)
                0x000000000800537c                MotionPlanner::PositionTracker::PositionTracker(MotionPlanner*)
 .text._ZN13MotionPlanner20PositionInterpolatorC2EPS_
                0x00000000080053d6       0x46 ./UserApp/main.o
                0x00000000080053d6                MotionPlanner::PositionInterpolator::PositionInterpolator(MotionPlanner*)
                0x00000000080053d6                MotionPlanner::PositionInterpolator::PositionInterpolator(MotionPlanner*)
 .text._ZN13MotionPlanner17TrajectoryTrackerC2EPS_
                0x000000000800541c       0x6a ./UserApp/main.o
                0x000000000800541c                MotionPlanner::TrajectoryTracker::TrajectoryTracker(MotionPlanner*)
                0x000000000800541c                MotionPlanner::TrajectoryTracker::TrajectoryTracker(MotionPlanner*)
 .text._ZN5Motor8Config_tC2Ev
                0x0000000008005486       0x32 ./UserApp/main.o
                0x0000000008005486                Motor::Config_t::Config_t()
                0x0000000008005486                Motor::Config_t::Config_t()
 .text._ZN13MotionPlannerC2Ev
                0x00000000080054b8       0x70 ./UserApp/main.o
                0x00000000080054b8                MotionPlanner::MotionPlanner()
                0x00000000080054b8                MotionPlanner::MotionPlanner()
 .text._ZN5MotorC2Ev
                0x0000000008005528      0x11c ./UserApp/main.o
                0x0000000008005528                Motor::Motor()
                0x0000000008005528                Motor::Motor()
 .text._ZN5Motor10ControllerC2EPS_
                0x0000000008005644       0xdc ./UserApp/main.o
                0x0000000008005644                Motor::Controller::Controller(Motor*)
                0x0000000008005644                Motor::Controller::Controller(Motor*)
 .text._ZN11EncoderBaseC2Ev
                0x0000000008005720       0x30 ./UserApp/main.o
                0x0000000008005720                EncoderBase::EncoderBase()
                0x0000000008005720                EncoderBase::EncoderBase()
 .text._ZN10MT6816BaseC2EPt
                0x0000000008005750       0x38 ./UserApp/main.o
                0x0000000008005750                MT6816Base::MT6816Base(unsigned short*)
                0x0000000008005750                MT6816Base::MT6816Base(unsigned short*)
 .text._ZN6MT6816C2Ev
                0x0000000008005788       0x2c ./UserApp/main.o
                0x0000000008005788                MT6816::MT6816()
                0x0000000008005788                MT6816::MT6816()
 .text._ZN10DriverBaseC2Ev
                0x00000000080057b4       0x34 ./UserApp/main.o
                0x00000000080057b4                DriverBase::DriverBase()
                0x00000000080057b4                DriverBase::DriverBase()
 .text._ZN12TB67H450BaseC2Ev
                0x00000000080057e8       0x24 ./UserApp/main.o
                0x00000000080057e8                TB67H450Base::TB67H450Base()
                0x00000000080057e8                TB67H450Base::TB67H450Base()
 .text._ZN8TB67H450C2Ev
                0x000000000800580c       0x34 ./UserApp/main.o
                0x000000000800580c                TB67H450::TB67H450()
                0x000000000800580c                TB67H450::TB67H450()
 .text._ZN21EncoderCalibratorBaseC2EP5Motor
                0x0000000008005840       0x8c ./UserApp/main.o
                0x0000000008005840                EncoderCalibratorBase::EncoderCalibratorBase(Motor*)
                0x0000000008005840                EncoderCalibratorBase::EncoderCalibratorBase(Motor*)
 .text._ZN17EncoderCalibratorC2EP5Motor
                0x00000000080058cc       0x28 ./UserApp/main.o
                0x00000000080058cc                EncoderCalibrator::EncoderCalibrator(Motor*)
                0x00000000080058cc                EncoderCalibrator::EncoderCalibrator(Motor*)
 .text._ZN10ButtonBaseC2Ehm
                0x00000000080058f4       0x48 ./UserApp/main.o
                0x00000000080058f4                ButtonBase::ButtonBase(unsigned char, unsigned long)
                0x00000000080058f4                ButtonBase::ButtonBase(unsigned char, unsigned long)
 .text._ZN6ButtonC2Ehm
                0x000000000800593c       0x30 ./UserApp/main.o
                0x000000000800593c                Button::Button(unsigned char, unsigned long)
                0x000000000800593c                Button::Button(unsigned char, unsigned long)
 .text.Main     0x000000000800596c       0xc0 ./UserApp/main.o
                0x000000000800596c                Main
 .text._Z14OnButton1EventN10ButtonBase5EventE
                0x0000000008005a2c       0x78 ./UserApp/main.o
                0x0000000008005a2c                OnButton1Event(ButtonBase::Event)
 .text._Z14OnButton2EventN10ButtonBase5EventE
                0x0000000008005aa4       0xb4 ./UserApp/main.o
                0x0000000008005aa4                OnButton2Event(ButtonBase::Event)
 .text._Z41__static_initialization_and_destruction_0ii
                0x0000000008005b58       0x6c ./UserApp/main.o
 .text._GLOBAL__sub_I_boardConfig
                0x0000000008005bc4       0x10 ./UserApp/main.o
 .text.__cxa_pure_virtual
                0x0000000008005bd4        0x6 d:/professional_software/stm32cubeide_1.8.0/stm32cubeide/plugins/com.st.stm32cube.ide.mcu.externaltools.gnu-tools-for-stm32.9-2020-q2-update.win32_2.0.0.202105311346/tools/bin/../lib/gcc/arm-none-eabi/9.3.1/../../../../arm-none-eabi/lib/thumb/v7-m/nofp\libstdc++_nano.a(pure.o)
                0x0000000008005bd4                __cxa_pure_virtual
 .text._ZN10__cxxabiv111__terminateEPFvvE
                0x0000000008005bda        0x8 d:/professional_software/stm32cubeide_1.8.0/stm32cubeide/plugins/com.st.stm32cube.ide.mcu.externaltools.gnu-tools-for-stm32.9-2020-q2-update.win32_2.0.0.202105311346/tools/bin/../lib/gcc/arm-none-eabi/9.3.1/../../../../arm-none-eabi/lib/thumb/v7-m/nofp\libstdc++_nano.a(eh_terminate.o)
                0x0000000008005bda                __cxxabiv1::__terminate(void (*)())
 *fill*         0x0000000008005be2        0x2 
 .text._ZSt13get_terminatev
                0x0000000008005be4       0x10 d:/professional_software/stm32cubeide_1.8.0/stm32cubeide/plugins/com.st.stm32cube.ide.mcu.externaltools.gnu-tools-for-stm32.9-2020-q2-update.win32_2.0.0.202105311346/tools/bin/../lib/gcc/arm-none-eabi/9.3.1/../../../../arm-none-eabi/lib/thumb/v7-m/nofp\libstdc++_nano.a(eh_terminate.o)
                0x0000000008005be4                std::get_terminate()
 .text._ZSt9terminatev
                0x0000000008005bf4        0xa d:/professional_software/stm32cubeide_1.8.0/stm32cubeide/plugins/com.st.stm32cube.ide.mcu.externaltools.gnu-tools-for-stm32.9-2020-q2-update.win32_2.0.0.202105311346/tools/bin/../lib/gcc/arm-none-eabi/9.3.1/../../../../arm-none-eabi/lib/thumb/v7-m/nofp\libstdc++_nano.a(eh_terminate.o)
                0x0000000008005bf4                std::terminate()
 .text.abort    0x0000000008005bfe        0xe d:/professional_software/stm32cubeide_1.8.0/stm32cubeide/plugins/com.st.stm32cube.ide.mcu.externaltools.gnu-tools-for-stm32.9-2020-q2-update.win32_2.0.0.202105311346/tools/bin/../lib/gcc/arm-none-eabi/9.3.1/../../../../arm-none-eabi/lib/thumb/v7-m/nofp\libc_nano.a(lib_a-abort.o)
                0x0000000008005bfe                abort
 .text.__errno  0x0000000008005c0c        0xc d:/professional_software/stm32cubeide_1.8.0/stm32cubeide/plugins/com.st.stm32cube.ide.mcu.externaltools.gnu-tools-for-stm32.9-2020-q2-update.win32_2.0.0.202105311346/tools/bin/../lib/gcc/arm-none-eabi/9.3.1/../../../../arm-none-eabi/lib/thumb/v7-m/nofp\libc_nano.a(lib_a-errno.o)
                0x0000000008005c0c                __errno
 .text.__libc_init_array
                0x0000000008005c18       0x48 d:/professional_software/stm32cubeide_1.8.0/stm32cubeide/plugins/com.st.stm32cube.ide.mcu.externaltools.gnu-tools-for-stm32.9-2020-q2-update.win32_2.0.0.202105311346/tools/bin/../lib/gcc/arm-none-eabi/9.3.1/../../../../arm-none-eabi/lib/thumb/v7-m/nofp\libc_nano.a(lib_a-init.o)
                0x0000000008005c18                __libc_init_array
 .text.memset   0x0000000008005c60       0x10 d:/professional_software/stm32cubeide_1.8.0/stm32cubeide/plugins/com.st.stm32cube.ide.mcu.externaltools.gnu-tools-for-stm32.9-2020-q2-update.win32_2.0.0.202105311346/tools/bin/../lib/gcc/arm-none-eabi/9.3.1/../../../../arm-none-eabi/lib/thumb/v7-m/nofp\libc_nano.a(lib_a-memset.o)
                0x0000000008005c60                memset
 .text._scanf_float
                0x0000000008005c70      0x424 d:/professional_software/stm32cubeide_1.8.0/stm32cubeide/plugins/com.st.stm32cube.ide.mcu.externaltools.gnu-tools-for-stm32.9-2020-q2-update.win32_2.0.0.202105311346/tools/bin/../lib/gcc/arm-none-eabi/9.3.1/../../../../arm-none-eabi/lib/thumb/v7-m/nofp\libc_nano.a(lib_a-nano-vfscanf_float.o)
                0x0000000008005c70                _scanf_float
 .text.nanf     0x0000000008006094        0x8 d:/professional_software/stm32cubeide_1.8.0/stm32cubeide/plugins/com.st.stm32cube.ide.mcu.externaltools.gnu-tools-for-stm32.9-2020-q2-update.win32_2.0.0.202105311346/tools/bin/../lib/gcc/arm-none-eabi/9.3.1/../../../../arm-none-eabi/lib/thumb/v7-m/nofp\libc_nano.a(lib_a-sf_nan.o)
                0x0000000008006094                nanf
 .text._raise_r
                0x000000000800609c       0x50 d:/professional_software/stm32cubeide_1.8.0/stm32cubeide/plugins/com.st.stm32cube.ide.mcu.externaltools.gnu-tools-for-stm32.9-2020-q2-update.win32_2.0.0.202105311346/tools/bin/../lib/gcc/arm-none-eabi/9.3.1/../../../../arm-none-eabi/lib/thumb/v7-m/nofp\libc_nano.a(lib_a-signal.o)
                0x000000000800609c                _raise_r
 .text.raise    0x00000000080060ec       0x10 d:/professional_software/stm32cubeide_1.8.0/stm32cubeide/plugins/com.st.stm32cube.ide.mcu.externaltools.gnu-tools-for-stm32.9-2020-q2-update.win32_2.0.0.202105311346/tools/bin/../lib/gcc/arm-none-eabi/9.3.1/../../../../arm-none-eabi/lib/thumb/v7-m/nofp\libc_nano.a(lib_a-signal.o)
                0x00000000080060ec                raise
 .text._kill_r  0x00000000080060fc       0x24 d:/professional_software/stm32cubeide_1.8.0/stm32cubeide/plugins/com.st.stm32cube.ide.mcu.externaltools.gnu-tools-for-stm32.9-2020-q2-update.win32_2.0.0.202105311346/tools/bin/../lib/gcc/arm-none-eabi/9.3.1/../../../../arm-none-eabi/lib/thumb/v7-m/nofp\libc_nano.a(lib_a-signalr.o)
                0x00000000080060fc                _kill_r
 .text._getpid_r
                0x0000000008006120        0x4 d:/professional_software/stm32cubeide_1.8.0/stm32cubeide/plugins/com.st.stm32cube.ide.mcu.externaltools.gnu-tools-for-stm32.9-2020-q2-update.win32_2.0.0.202105311346/tools/bin/../lib/gcc/arm-none-eabi/9.3.1/../../../../arm-none-eabi/lib/thumb/v7-m/nofp\libc_nano.a(lib_a-signalr.o)
                0x0000000008006120                _getpid_r
 .text.sprintf  0x0000000008006124       0x40 d:/professional_software/stm32cubeide_1.8.0/stm32cubeide/plugins/com.st.stm32cube.ide.mcu.externaltools.gnu-tools-for-stm32.9-2020-q2-update.win32_2.0.0.202105311346/tools/bin/../lib/gcc/arm-none-eabi/9.3.1/../../../../arm-none-eabi/lib/thumb/v7-m/nofp\libc_nano.a(lib_a-sprintf.o)
                0x0000000008006124                siprintf
                0x0000000008006124                sprintf
 .text.__sread  0x0000000008006164       0x22 d:/professional_software/stm32cubeide_1.8.0/stm32cubeide/plugins/com.st.stm32cube.ide.mcu.externaltools.gnu-tools-for-stm32.9-2020-q2-update.win32_2.0.0.202105311346/tools/bin/../lib/gcc/arm-none-eabi/9.3.1/../../../../arm-none-eabi/lib/thumb/v7-m/nofp\libc_nano.a(lib_a-stdio.o)
                0x0000000008006164                __sread
 .text.__swrite
                0x0000000008006186       0x38 d:/professional_software/stm32cubeide_1.8.0/stm32cubeide/plugins/com.st.stm32cube.ide.mcu.externaltools.gnu-tools-for-stm32.9-2020-q2-update.win32_2.0.0.202105311346/tools/bin/../lib/gcc/arm-none-eabi/9.3.1/../../../../arm-none-eabi/lib/thumb/v7-m/nofp\libc_nano.a(lib_a-stdio.o)
                0x0000000008006186                __swrite
 .text.__sseek  0x00000000080061be       0x24 d:/professional_software/stm32cubeide_1.8.0/stm32cubeide/plugins/com.st.stm32cube.ide.mcu.externaltools.gnu-tools-for-stm32.9-2020-q2-update.win32_2.0.0.202105311346/tools/bin/../lib/gcc/arm-none-eabi/9.3.1/../../../../arm-none-eabi/lib/thumb/v7-m/nofp\libc_nano.a(lib_a-stdio.o)
                0x00000000080061be                __sseek
 .text.__sclose
                0x00000000080061e2        0x8 d:/professional_software/stm32cubeide_1.8.0/stm32cubeide/plugins/com.st.stm32cube.ide.mcu.externaltools.gnu-tools-for-stm32.9-2020-q2-update.win32_2.0.0.202105311346/tools/bin/../lib/gcc/arm-none-eabi/9.3.1/../../../../arm-none-eabi/lib/thumb/v7-m/nofp\libc_nano.a(lib_a-stdio.o)
                0x00000000080061e2                __sclose
 .text.sulp     0x00000000080061ea       0x42 d:/professional_software/stm32cubeide_1.8.0/stm32cubeide/plugins/com.st.stm32cube.ide.mcu.externaltools.gnu-tools-for-stm32.9-2020-q2-update.win32_2.0.0.202105311346/tools/bin/../lib/gcc/arm-none-eabi/9.3.1/../../../../arm-none-eabi/lib/thumb/v7-m/nofp\libc_nano.a(lib_a-strtod.o)
 *fill*         0x000000000800622c        0x4 
 .text._strtod_l
                0x0000000008006230      0xbe8 d:/professional_software/stm32cubeide_1.8.0/stm32cubeide/plugins/com.st.stm32cube.ide.mcu.externaltools.gnu-tools-for-stm32.9-2020-q2-update.win32_2.0.0.202105311346/tools/bin/../lib/gcc/arm-none-eabi/9.3.1/../../../../arm-none-eabi/lib/thumb/v7-m/nofp\libc_nano.a(lib_a-strtod.o)
                0x0000000008006230                _strtod_l
 .text._strtod_r
                0x0000000008006e18        0xc d:/professional_software/stm32cubeide_1.8.0/stm32cubeide/plugins/com.st.stm32cube.ide.mcu.externaltools.gnu-tools-for-stm32.9-2020-q2-update.win32_2.0.0.202105311346/tools/bin/../lib/gcc/arm-none-eabi/9.3.1/../../../../arm-none-eabi/lib/thumb/v7-m/nofp\libc_nano.a(lib_a-strtod.o)
                0x0000000008006e18                _strtod_r
 .text._strtol_l.isra.0
                0x0000000008006e24      0x10c d:/professional_software/stm32cubeide_1.8.0/stm32cubeide/plugins/com.st.stm32cube.ide.mcu.externaltools.gnu-tools-for-stm32.9-2020-q2-update.win32_2.0.0.202105311346/tools/bin/../lib/gcc/arm-none-eabi/9.3.1/../../../../arm-none-eabi/lib/thumb/v7-m/nofp\libc_nano.a(lib_a-strtol.o)
 .text._strtol_r
                0x0000000008006f30        0x4 d:/professional_software/stm32cubeide_1.8.0/stm32cubeide/plugins/com.st.stm32cube.ide.mcu.externaltools.gnu-tools-for-stm32.9-2020-q2-update.win32_2.0.0.202105311346/tools/bin/../lib/gcc/arm-none-eabi/9.3.1/../../../../arm-none-eabi/lib/thumb/v7-m/nofp\libc_nano.a(lib_a-strtol.o)
                0x0000000008006f30                _strtol_r
 .text.__swbuf_r
                0x0000000008006f34       0xa4 d:/professional_software/stm32cubeide_1.8.0/stm32cubeide/plugins/com.st.stm32cube.ide.mcu.externaltools.gnu-tools-for-stm32.9-2020-q2-update.win32_2.0.0.202105311346/tools/bin/../lib/gcc/arm-none-eabi/9.3.1/../../../../arm-none-eabi/lib/thumb/v7-m/nofp\libc_nano.a(lib_a-wbuf.o)
                0x0000000008006f34                __swbuf_r
 .text._write_r
                0x0000000008006fd8       0x24 d:/professional_software/stm32cubeide_1.8.0/stm32cubeide/plugins/com.st.stm32cube.ide.mcu.externaltools.gnu-tools-for-stm32.9-2020-q2-update.win32_2.0.0.202105311346/tools/bin/../lib/gcc/arm-none-eabi/9.3.1/../../../../arm-none-eabi/lib/thumb/v7-m/nofp\libc_nano.a(lib_a-writer.o)
                0x0000000008006fd8                _write_r
 .text.__swsetup_r
                0x0000000008006ffc       0xdc d:/professional_software/stm32cubeide_1.8.0/stm32cubeide/plugins/com.st.stm32cube.ide.mcu.externaltools.gnu-tools-for-stm32.9-2020-q2-update.win32_2.0.0.202105311346/tools/bin/../lib/gcc/arm-none-eabi/9.3.1/../../../../arm-none-eabi/lib/thumb/v7-m/nofp\libc_nano.a(lib_a-wsetup.o)
                0x0000000008006ffc                __swsetup_r
 .text._close_r
                0x00000000080070d8       0x20 d:/professional_software/stm32cubeide_1.8.0/stm32cubeide/plugins/com.st.stm32cube.ide.mcu.externaltools.gnu-tools-for-stm32.9-2020-q2-update.win32_2.0.0.202105311346/tools/bin/../lib/gcc/arm-none-eabi/9.3.1/../../../../arm-none-eabi/lib/thumb/v7-m/nofp\libc_nano.a(lib_a-closer.o)
                0x00000000080070d8                _close_r
 .text.__sflush_r
                0x00000000080070f8      0x10c d:/professional_software/stm32cubeide_1.8.0/stm32cubeide/plugins/com.st.stm32cube.ide.mcu.externaltools.gnu-tools-for-stm32.9-2020-q2-update.win32_2.0.0.202105311346/tools/bin/../lib/gcc/arm-none-eabi/9.3.1/../../../../arm-none-eabi/lib/thumb/v7-m/nofp\libc_nano.a(lib_a-fflush.o)
                0x00000000080070f8                __sflush_r
 .text._fflush_r
                0x0000000008007204       0x78 d:/professional_software/stm32cubeide_1.8.0/stm32cubeide/plugins/com.st.stm32cube.ide.mcu.externaltools.gnu-tools-for-stm32.9-2020-q2-update.win32_2.0.0.202105311346/tools/bin/../lib/gcc/arm-none-eabi/9.3.1/../../../../arm-none-eabi/lib/thumb/v7-m/nofp\libc_nano.a(lib_a-fflush.o)
                0x0000000008007204                _fflush_r
 .text.std      0x000000000800727c       0x48 d:/professional_software/stm32cubeide_1.8.0/stm32cubeide/plugins/com.st.stm32cube.ide.mcu.externaltools.gnu-tools-for-stm32.9-2020-q2-update.win32_2.0.0.202105311346/tools/bin/../lib/gcc/arm-none-eabi/9.3.1/../../../../arm-none-eabi/lib/thumb/v7-m/nofp\libc_nano.a(lib_a-findfp.o)
 .text._cleanup_r
                0x00000000080072c4        0xc d:/professional_software/stm32cubeide_1.8.0/stm32cubeide/plugins/com.st.stm32cube.ide.mcu.externaltools.gnu-tools-for-stm32.9-2020-q2-update.win32_2.0.0.202105311346/tools/bin/../lib/gcc/arm-none-eabi/9.3.1/../../../../arm-none-eabi/lib/thumb/v7-m/nofp\libc_nano.a(lib_a-findfp.o)
                0x00000000080072c4                _cleanup_r
 .text.__sfmoreglue
                0x00000000080072d0       0x2c d:/professional_software/stm32cubeide_1.8.0/stm32cubeide/plugins/com.st.stm32cube.ide.mcu.externaltools.gnu-tools-for-stm32.9-2020-q2-update.win32_2.0.0.202105311346/tools/bin/../lib/gcc/arm-none-eabi/9.3.1/../../../../arm-none-eabi/lib/thumb/v7-m/nofp\libc_nano.a(lib_a-findfp.o)
                0x00000000080072d0                __sfmoreglue
 .text.__sfp_lock_acquire
                0x00000000080072fc        0xc d:/professional_software/stm32cubeide_1.8.0/stm32cubeide/plugins/com.st.stm32cube.ide.mcu.externaltools.gnu-tools-for-stm32.9-2020-q2-update.win32_2.0.0.202105311346/tools/bin/../lib/gcc/arm-none-eabi/9.3.1/../../../../arm-none-eabi/lib/thumb/v7-m/nofp\libc_nano.a(lib_a-findfp.o)
                0x00000000080072fc                __sfp_lock_acquire
 .text.__sfp_lock_release
                0x0000000008007308        0xc d:/professional_software/stm32cubeide_1.8.0/stm32cubeide/plugins/com.st.stm32cube.ide.mcu.externaltools.gnu-tools-for-stm32.9-2020-q2-update.win32_2.0.0.202105311346/tools/bin/../lib/gcc/arm-none-eabi/9.3.1/../../../../arm-none-eabi/lib/thumb/v7-m/nofp\libc_nano.a(lib_a-findfp.o)
                0x0000000008007308                __sfp_lock_release
 .text.__sinit_lock_acquire
                0x0000000008007314        0xc d:/professional_software/stm32cubeide_1.8.0/stm32cubeide/plugins/com.st.stm32cube.ide.mcu.externaltools.gnu-tools-for-stm32.9-2020-q2-update.win32_2.0.0.202105311346/tools/bin/../lib/gcc/arm-none-eabi/9.3.1/../../../../arm-none-eabi/lib/thumb/v7-m/nofp\libc_nano.a(lib_a-findfp.o)
                0x0000000008007314                __sinit_lock_acquire
 .text.__sinit_lock_release
                0x0000000008007320        0xc d:/professional_software/stm32cubeide_1.8.0/stm32cubeide/plugins/com.st.stm32cube.ide.mcu.externaltools.gnu-tools-for-stm32.9-2020-q2-update.win32_2.0.0.202105311346/tools/bin/../lib/gcc/arm-none-eabi/9.3.1/../../../../arm-none-eabi/lib/thumb/v7-m/nofp\libc_nano.a(lib_a-findfp.o)
                0x0000000008007320                __sinit_lock_release
 .text.__sinit  0x000000000800732c       0x70 d:/professional_software/stm32cubeide_1.8.0/stm32cubeide/plugins/com.st.stm32cube.ide.mcu.externaltools.gnu-tools-for-stm32.9-2020-q2-update.win32_2.0.0.202105311346/tools/bin/../lib/gcc/arm-none-eabi/9.3.1/../../../../arm-none-eabi/lib/thumb/v7-m/nofp\libc_nano.a(lib_a-findfp.o)
                0x000000000800732c                __sinit
 .text.__sfp    0x000000000800739c       0x8c d:/professional_software/stm32cubeide_1.8.0/stm32cubeide/plugins/com.st.stm32cube.ide.mcu.externaltools.gnu-tools-for-stm32.9-2020-q2-update.win32_2.0.0.202105311346/tools/bin/../lib/gcc/arm-none-eabi/9.3.1/../../../../arm-none-eabi/lib/thumb/v7-m/nofp\libc_nano.a(lib_a-findfp.o)
                0x000000000800739c                __sfp
 .text._fwalk_reent
                0x0000000008007428       0x3e d:/professional_software/stm32cubeide_1.8.0/stm32cubeide/plugins/com.st.stm32cube.ide.mcu.externaltools.gnu-tools-for-stm32.9-2020-q2-update.win32_2.0.0.202105311346/tools/bin/../lib/gcc/arm-none-eabi/9.3.1/../../../../arm-none-eabi/lib/thumb/v7-m/nofp\libc_nano.a(lib_a-fwalk.o)
                0x0000000008007428                _fwalk_reent
 .text.rshift   0x0000000008007466       0xa6 d:/professional_software/stm32cubeide_1.8.0/stm32cubeide/plugins/com.st.stm32cube.ide.mcu.externaltools.gnu-tools-for-stm32.9-2020-q2-update.win32_2.0.0.202105311346/tools/bin/../lib/gcc/arm-none-eabi/9.3.1/../../../../arm-none-eabi/lib/thumb/v7-m/nofp\libc_nano.a(lib_a-gdtoa-gethex.o)
 .text.__hexdig_fun
                0x000000000800750c       0x2a d:/professional_software/stm32cubeide_1.8.0/stm32cubeide/plugins/com.st.stm32cube.ide.mcu.externaltools.gnu-tools-for-stm32.9-2020-q2-update.win32_2.0.0.202105311346/tools/bin/../lib/gcc/arm-none-eabi/9.3.1/../../../../arm-none-eabi/lib/thumb/v7-m/nofp\libc_nano.a(lib_a-gdtoa-gethex.o)
                0x000000000800750c                __hexdig_fun
 *fill*         0x0000000008007536        0x2 
 .text.__gethex
                0x0000000008007538      0x478 d:/professional_software/stm32cubeide_1.8.0/stm32cubeide/plugins/com.st.stm32cube.ide.mcu.externaltools.gnu-tools-for-stm32.9-2020-q2-update.win32_2.0.0.202105311346/tools/bin/../lib/gcc/arm-none-eabi/9.3.1/../../../../arm-none-eabi/lib/thumb/v7-m/nofp\libc_nano.a(lib_a-gdtoa-gethex.o)
                0x0000000008007538                __gethex
 .text.L_shift  0x00000000080079b0       0x24 d:/professional_software/stm32cubeide_1.8.0/stm32cubeide/plugins/com.st.stm32cube.ide.mcu.externaltools.gnu-tools-for-stm32.9-2020-q2-update.win32_2.0.0.202105311346/tools/bin/../lib/gcc/arm-none-eabi/9.3.1/../../../../arm-none-eabi/lib/thumb/v7-m/nofp\libc_nano.a(lib_a-gdtoa-hexnan.o)
 .text.__match  0x00000000080079d4       0x28 d:/professional_software/stm32cubeide_1.8.0/stm32cubeide/plugins/com.st.stm32cube.ide.mcu.externaltools.gnu-tools-for-stm32.9-2020-q2-update.win32_2.0.0.202105311346/tools/bin/../lib/gcc/arm-none-eabi/9.3.1/../../../../arm-none-eabi/lib/thumb/v7-m/nofp\libc_nano.a(lib_a-gdtoa-hexnan.o)
                0x00000000080079d4                __match
 .text.__hexnan
                0x00000000080079fc      0x138 d:/professional_software/stm32cubeide_1.8.0/stm32cubeide/plugins/com.st.stm32cube.ide.mcu.externaltools.gnu-tools-for-stm32.9-2020-q2-update.win32_2.0.0.202105311346/tools/bin/../lib/gcc/arm-none-eabi/9.3.1/../../../../arm-none-eabi/lib/thumb/v7-m/nofp\libc_nano.a(lib_a-gdtoa-hexnan.o)
                0x00000000080079fc                __hexnan
 .text.__retarget_lock_init_recursive
                0x0000000008007b34        0x2 d:/professional_software/stm32cubeide_1.8.0/stm32cubeide/plugins/com.st.stm32cube.ide.mcu.externaltools.gnu-tools-for-stm32.9-2020-q2-update.win32_2.0.0.202105311346/tools/bin/../lib/gcc/arm-none-eabi/9.3.1/../../../../arm-none-eabi/lib/thumb/v7-m/nofp\libc_nano.a(lib_a-lock.o)
                0x0000000008007b34                __retarget_lock_init_recursive
 .text.__retarget_lock_acquire_recursive
                0x0000000008007b36        0x2 d:/professional_software/stm32cubeide_1.8.0/stm32cubeide/plugins/com.st.stm32cube.ide.mcu.externaltools.gnu-tools-for-stm32.9-2020-q2-update.win32_2.0.0.202105311346/tools/bin/../lib/gcc/arm-none-eabi/9.3.1/../../../../arm-none-eabi/lib/thumb/v7-m/nofp\libc_nano.a(lib_a-lock.o)
                0x0000000008007b36                __retarget_lock_acquire_recursive
 .text.__retarget_lock_release_recursive
                0x0000000008007b38        0x2 d:/professional_software/stm32cubeide_1.8.0/stm32cubeide/plugins/com.st.stm32cube.ide.mcu.externaltools.gnu-tools-for-stm32.9-2020-q2-update.win32_2.0.0.202105311346/tools/bin/../lib/gcc/arm-none-eabi/9.3.1/../../../../arm-none-eabi/lib/thumb/v7-m/nofp\libc_nano.a(lib_a-lock.o)
                0x0000000008007b38                __retarget_lock_release_recursive
 *fill*         0x0000000008007b3a        0x2 
 .text._lseek_r
                0x0000000008007b3c       0x24 d:/professional_software/stm32cubeide_1.8.0/stm32cubeide/plugins/com.st.stm32cube.ide.mcu.externaltools.gnu-tools-for-stm32.9-2020-q2-update.win32_2.0.0.202105311346/tools/bin/../lib/gcc/arm-none-eabi/9.3.1/../../../../arm-none-eabi/lib/thumb/v7-m/nofp\libc_nano.a(lib_a-lseekr.o)
                0x0000000008007b3c                _lseek_r
 .text.__swhatbuf_r
                0x0000000008007b60       0x48 d:/professional_software/stm32cubeide_1.8.0/stm32cubeide/plugins/com.st.stm32cube.ide.mcu.externaltools.gnu-tools-for-stm32.9-2020-q2-update.win32_2.0.0.202105311346/tools/bin/../lib/gcc/arm-none-eabi/9.3.1/../../../../arm-none-eabi/lib/thumb/v7-m/nofp\libc_nano.a(lib_a-makebuf.o)
                0x0000000008007b60                __swhatbuf_r
 .text.__smakebuf_r
                0x0000000008007ba8       0x80 d:/professional_software/stm32cubeide_1.8.0/stm32cubeide/plugins/com.st.stm32cube.ide.mcu.externaltools.gnu-tools-for-stm32.9-2020-q2-update.win32_2.0.0.202105311346/tools/bin/../lib/gcc/arm-none-eabi/9.3.1/../../../../arm-none-eabi/lib/thumb/v7-m/nofp\libc_nano.a(lib_a-makebuf.o)
                0x0000000008007ba8                __smakebuf_r
 .text.__ascii_mbtowc
                0x0000000008007c28       0x24 d:/professional_software/stm32cubeide_1.8.0/stm32cubeide/plugins/com.st.stm32cube.ide.mcu.externaltools.gnu-tools-for-stm32.9-2020-q2-update.win32_2.0.0.202105311346/tools/bin/../lib/gcc/arm-none-eabi/9.3.1/../../../../arm-none-eabi/lib/thumb/v7-m/nofp\libc_nano.a(lib_a-mbtowc_r.o)
                0x0000000008007c28                __ascii_mbtowc
 .text.memcpy   0x0000000008007c4c       0x1c d:/professional_software/stm32cubeide_1.8.0/stm32cubeide/plugins/com.st.stm32cube.ide.mcu.externaltools.gnu-tools-for-stm32.9-2020-q2-update.win32_2.0.0.202105311346/tools/bin/../lib/gcc/arm-none-eabi/9.3.1/../../../../arm-none-eabi/lib/thumb/v7-m/nofp\libc_nano.a(lib_a-memcpy-stub.o)
                0x0000000008007c4c                memcpy
 .text._Balloc  0x0000000008007c68       0x80 d:/professional_software/stm32cubeide_1.8.0/stm32cubeide/plugins/com.st.stm32cube.ide.mcu.externaltools.gnu-tools-for-stm32.9-2020-q2-update.win32_2.0.0.202105311346/tools/bin/../lib/gcc/arm-none-eabi/9.3.1/../../../../arm-none-eabi/lib/thumb/v7-m/nofp\libc_nano.a(lib_a-mprec.o)
                0x0000000008007c68                _Balloc
 .text._Bfree   0x0000000008007ce8       0x44 d:/professional_software/stm32cubeide_1.8.0/stm32cubeide/plugins/com.st.stm32cube.ide.mcu.externaltools.gnu-tools-for-stm32.9-2020-q2-update.win32_2.0.0.202105311346/tools/bin/../lib/gcc/arm-none-eabi/9.3.1/../../../../arm-none-eabi/lib/thumb/v7-m/nofp\libc_nano.a(lib_a-mprec.o)
                0x0000000008007ce8                _Bfree
 .text.__multadd
                0x0000000008007d2c       0x94 d:/professional_software/stm32cubeide_1.8.0/stm32cubeide/plugins/com.st.stm32cube.ide.mcu.externaltools.gnu-tools-for-stm32.9-2020-q2-update.win32_2.0.0.202105311346/tools/bin/../lib/gcc/arm-none-eabi/9.3.1/../../../../arm-none-eabi/lib/thumb/v7-m/nofp\libc_nano.a(lib_a-mprec.o)
                0x0000000008007d2c                __multadd
 .text.__s2b    0x0000000008007dc0       0x94 d:/professional_software/stm32cubeide_1.8.0/stm32cubeide/plugins/com.st.stm32cube.ide.mcu.externaltools.gnu-tools-for-stm32.9-2020-q2-update.win32_2.0.0.202105311346/tools/bin/../lib/gcc/arm-none-eabi/9.3.1/../../../../arm-none-eabi/lib/thumb/v7-m/nofp\libc_nano.a(lib_a-mprec.o)
                0x0000000008007dc0                __s2b
 .text.__hi0bits
                0x0000000008007e54       0x40 d:/professional_software/stm32cubeide_1.8.0/stm32cubeide/plugins/com.st.stm32cube.ide.mcu.externaltools.gnu-tools-for-stm32.9-2020-q2-update.win32_2.0.0.202105311346/tools/bin/../lib/gcc/arm-none-eabi/9.3.1/../../../../arm-none-eabi/lib/thumb/v7-m/nofp\libc_nano.a(lib_a-mprec.o)
                0x0000000008007e54                __hi0bits
 .text.__lo0bits
                0x0000000008007e94       0x5c d:/professional_software/stm32cubeide_1.8.0/stm32cubeide/plugins/com.st.stm32cube.ide.mcu.externaltools.gnu-tools-for-stm32.9-2020-q2-update.win32_2.0.0.202105311346/tools/bin/../lib/gcc/arm-none-eabi/9.3.1/../../../../arm-none-eabi/lib/thumb/v7-m/nofp\libc_nano.a(lib_a-mprec.o)
                0x0000000008007e94                __lo0bits
 .text.__i2b    0x0000000008007ef0       0x2c d:/professional_software/stm32cubeide_1.8.0/stm32cubeide/plugins/com.st.stm32cube.ide.mcu.externaltools.gnu-tools-for-stm32.9-2020-q2-update.win32_2.0.0.202105311346/tools/bin/../lib/gcc/arm-none-eabi/9.3.1/../../../../arm-none-eabi/lib/thumb/v7-m/nofp\libc_nano.a(lib_a-mprec.o)
                0x0000000008007ef0                __i2b
 .text.__multiply
                0x0000000008007f1c      0x148 d:/professional_software/stm32cubeide_1.8.0/stm32cubeide/plugins/com.st.stm32cube.ide.mcu.externaltools.gnu-tools-for-stm32.9-2020-q2-update.win32_2.0.0.202105311346/tools/bin/../lib/gcc/arm-none-eabi/9.3.1/../../../../arm-none-eabi/lib/thumb/v7-m/nofp\libc_nano.a(lib_a-mprec.o)
                0x0000000008007f1c                __multiply
 .text.__pow5mult
                0x0000000008008064       0xb4 d:/professional_software/stm32cubeide_1.8.0/stm32cubeide/plugins/com.st.stm32cube.ide.mcu.externaltools.gnu-tools-for-stm32.9-2020-q2-update.win32_2.0.0.202105311346/tools/bin/../lib/gcc/arm-none-eabi/9.3.1/../../../../arm-none-eabi/lib/thumb/v7-m/nofp\libc_nano.a(lib_a-mprec.o)
                0x0000000008008064                __pow5mult
 .text.__lshift
                0x0000000008008118       0xd8 d:/professional_software/stm32cubeide_1.8.0/stm32cubeide/plugins/com.st.stm32cube.ide.mcu.externaltools.gnu-tools-for-stm32.9-2020-q2-update.win32_2.0.0.202105311346/tools/bin/../lib/gcc/arm-none-eabi/9.3.1/../../../../arm-none-eabi/lib/thumb/v7-m/nofp\libc_nano.a(lib_a-mprec.o)
                0x0000000008008118                __lshift
 .text.__mcmp   0x00000000080081f0       0x36 d:/professional_software/stm32cubeide_1.8.0/stm32cubeide/plugins/com.st.stm32cube.ide.mcu.externaltools.gnu-tools-for-stm32.9-2020-q2-update.win32_2.0.0.202105311346/tools/bin/../lib/gcc/arm-none-eabi/9.3.1/../../../../arm-none-eabi/lib/thumb/v7-m/nofp\libc_nano.a(lib_a-mprec.o)
                0x00000000080081f0                __mcmp
 *fill*         0x0000000008008226        0x2 
 .text.__mdiff  0x0000000008008228      0x120 d:/professional_software/stm32cubeide_1.8.0/stm32cubeide/plugins/com.st.stm32cube.ide.mcu.externaltools.gnu-tools-for-stm32.9-2020-q2-update.win32_2.0.0.202105311346/tools/bin/../lib/gcc/arm-none-eabi/9.3.1/../../../../arm-none-eabi/lib/thumb/v7-m/nofp\libc_nano.a(lib_a-mprec.o)
                0x0000000008008228                __mdiff
 .text.__ulp    0x0000000008008348       0x4c d:/professional_software/stm32cubeide_1.8.0/stm32cubeide/plugins/com.st.stm32cube.ide.mcu.externaltools.gnu-tools-for-stm32.9-2020-q2-update.win32_2.0.0.202105311346/tools/bin/../lib/gcc/arm-none-eabi/9.3.1/../../../../arm-none-eabi/lib/thumb/v7-m/nofp\libc_nano.a(lib_a-mprec.o)
                0x0000000008008348                __ulp
 .text.__b2d    0x0000000008008394       0xa8 d:/professional_software/stm32cubeide_1.8.0/stm32cubeide/plugins/com.st.stm32cube.ide.mcu.externaltools.gnu-tools-for-stm32.9-2020-q2-update.win32_2.0.0.202105311346/tools/bin/../lib/gcc/arm-none-eabi/9.3.1/../../../../arm-none-eabi/lib/thumb/v7-m/nofp\libc_nano.a(lib_a-mprec.o)
                0x0000000008008394                __b2d
 .text.__d2b    0x000000000800843c       0xb8 d:/professional_software/stm32cubeide_1.8.0/stm32cubeide/plugins/com.st.stm32cube.ide.mcu.externaltools.gnu-tools-for-stm32.9-2020-q2-update.win32_2.0.0.202105311346/tools/bin/../lib/gcc/arm-none-eabi/9.3.1/../../../../arm-none-eabi/lib/thumb/v7-m/nofp\libc_nano.a(lib_a-mprec.o)
                0x000000000800843c                __d2b
 .text.__ratio  0x00000000080084f4       0x5c d:/professional_software/stm32cubeide_1.8.0/stm32cubeide/plugins/com.st.stm32cube.ide.mcu.externaltools.gnu-tools-for-stm32.9-2020-q2-update.win32_2.0.0.202105311346/tools/bin/../lib/gcc/arm-none-eabi/9.3.1/../../../../arm-none-eabi/lib/thumb/v7-m/nofp\libc_nano.a(lib_a-mprec.o)
                0x00000000080084f4                __ratio
 .text.__copybits
                0x0000000008008550       0x46 d:/professional_software/stm32cubeide_1.8.0/stm32cubeide/plugins/com.st.stm32cube.ide.mcu.externaltools.gnu-tools-for-stm32.9-2020-q2-update.win32_2.0.0.202105311346/tools/bin/../lib/gcc/arm-none-eabi/9.3.1/../../../../arm-none-eabi/lib/thumb/v7-m/nofp\libc_nano.a(lib_a-mprec.o)
                0x0000000008008550                __copybits
 .text.__any_on
                0x0000000008008596       0x42 d:/professional_software/stm32cubeide_1.8.0/stm32cubeide/plugins/com.st.stm32cube.ide.mcu.externaltools.gnu-tools-for-stm32.9-2020-q2-update.win32_2.0.0.202105311346/tools/bin/../lib/gcc/arm-none-eabi/9.3.1/../../../../arm-none-eabi/lib/thumb/v7-m/nofp\libc_nano.a(lib_a-mprec.o)
                0x0000000008008596                __any_on
 .text._calloc_r
                0x00000000080085d8       0x1c d:/professional_software/stm32cubeide_1.8.0/stm32cubeide/plugins/com.st.stm32cube.ide.mcu.externaltools.gnu-tools-for-stm32.9-2020-q2-update.win32_2.0.0.202105311346/tools/bin/../lib/gcc/arm-none-eabi/9.3.1/../../../../arm-none-eabi/lib/thumb/v7-m/nofp\libc_nano.a(lib_a-nano-callocr.o)
                0x00000000080085d8                _calloc_r
 .text._free_r  0x00000000080085f4       0x98 d:/professional_software/stm32cubeide_1.8.0/stm32cubeide/plugins/com.st.stm32cube.ide.mcu.externaltools.gnu-tools-for-stm32.9-2020-q2-update.win32_2.0.0.202105311346/tools/bin/../lib/gcc/arm-none-eabi/9.3.1/../../../../arm-none-eabi/lib/thumb/v7-m/nofp\libc_nano.a(lib_a-nano-freer.o)
                0x00000000080085f4                _free_r
 .text._malloc_r
                0x000000000800868c       0xb4 d:/professional_software/stm32cubeide_1.8.0/stm32cubeide/plugins/com.st.stm32cube.ide.mcu.externaltools.gnu-tools-for-stm32.9-2020-q2-update.win32_2.0.0.202105311346/tools/bin/../lib/gcc/arm-none-eabi/9.3.1/../../../../arm-none-eabi/lib/thumb/v7-m/nofp\libc_nano.a(lib_a-nano-mallocr.o)
                0x000000000800868c                _malloc_r
 .text.__ssputs_r
                0x0000000008008740       0xb6 d:/professional_software/stm32cubeide_1.8.0/stm32cubeide/plugins/com.st.stm32cube.ide.mcu.externaltools.gnu-tools-for-stm32.9-2020-q2-update.win32_2.0.0.202105311346/tools/bin/../lib/gcc/arm-none-eabi/9.3.1/../../../../arm-none-eabi/lib/thumb/v7-m/nofp\libc_nano.a(lib_a-nano-svfprintf.o)
                0x0000000008008740                __ssputs_r
 *fill*         0x00000000080087f6        0x2 
 .text._svfprintf_r
                0x00000000080087f8      0x200 d:/professional_software/stm32cubeide_1.8.0/stm32cubeide/plugins/com.st.stm32cube.ide.mcu.externaltools.gnu-tools-for-stm32.9-2020-q2-update.win32_2.0.0.202105311346/tools/bin/../lib/gcc/arm-none-eabi/9.3.1/../../../../arm-none-eabi/lib/thumb/v7-m/nofp\libc_nano.a(lib_a-nano-svfprintf.o)
                0x00000000080087f8                _svfiprintf_r
                0x00000000080087f8                _svfprintf_r
 .text._printf_common
                0x00000000080089f8       0xde d:/professional_software/stm32cubeide_1.8.0/stm32cubeide/plugins/com.st.stm32cube.ide.mcu.externaltools.gnu-tools-for-stm32.9-2020-q2-update.win32_2.0.0.202105311346/tools/bin/../lib/gcc/arm-none-eabi/9.3.1/../../../../arm-none-eabi/lib/thumb/v7-m/nofp\libc_nano.a(lib_a-nano-vfprintf_i.o)
                0x00000000080089f8                _printf_common
 *fill*         0x0000000008008ad6        0x2 
 .text._printf_i
                0x0000000008008ad8      0x24c d:/professional_software/stm32cubeide_1.8.0/stm32cubeide/plugins/com.st.stm32cube.ide.mcu.externaltools.gnu-tools-for-stm32.9-2020-q2-update.win32_2.0.0.202105311346/tools/bin/../lib/gcc/arm-none-eabi/9.3.1/../../../../arm-none-eabi/lib/thumb/v7-m/nofp\libc_nano.a(lib_a-nano-vfprintf_i.o)
                0x0000000008008ad8                _printf_i
 .text._read_r  0x0000000008008d24       0x24 d:/professional_software/stm32cubeide_1.8.0/stm32cubeide/plugins/com.st.stm32cube.ide.mcu.externaltools.gnu-tools-for-stm32.9-2020-q2-update.win32_2.0.0.202105311346/tools/bin/../lib/gcc/arm-none-eabi/9.3.1/../../../../arm-none-eabi/lib/thumb/v7-m/nofp\libc_nano.a(lib_a-readr.o)
                0x0000000008008d24                _read_r
 .text.nan      0x0000000008008d48        0xc d:/professional_software/stm32cubeide_1.8.0/stm32cubeide/plugins/com.st.stm32cube.ide.mcu.externaltools.gnu-tools-for-stm32.9-2020-q2-update.win32_2.0.0.202105311346/tools/bin/../lib/gcc/arm-none-eabi/9.3.1/../../../../arm-none-eabi/lib/thumb/v7-m/nofp\libc_nano.a(lib_a-s_nan.o)
                0x0000000008008d48                nan
 .text._sbrk_r  0x0000000008008d54       0x20 d:/professional_software/stm32cubeide_1.8.0/stm32cubeide/plugins/com.st.stm32cube.ide.mcu.externaltools.gnu-tools-for-stm32.9-2020-q2-update.win32_2.0.0.202105311346/tools/bin/../lib/gcc/arm-none-eabi/9.3.1/../../../../arm-none-eabi/lib/thumb/v7-m/nofp\libc_nano.a(lib_a-sbrkr.o)
                0x0000000008008d54                _sbrk_r
 .text.strncmp  0x0000000008008d74       0x24 d:/professional_software/stm32cubeide_1.8.0/stm32cubeide/plugins/com.st.stm32cube.ide.mcu.externaltools.gnu-tools-for-stm32.9-2020-q2-update.win32_2.0.0.202105311346/tools/bin/../lib/gcc/arm-none-eabi/9.3.1/../../../../arm-none-eabi/lib/thumb/v7-m/nofp\libc_nano.a(lib_a-strncmp.o)
                0x0000000008008d74                strncmp
 .text.__ascii_wctomb
                0x0000000008008d98       0x1a d:/professional_software/stm32cubeide_1.8.0/stm32cubeide/plugins/com.st.stm32cube.ide.mcu.externaltools.gnu-tools-for-stm32.9-2020-q2-update.win32_2.0.0.202105311346/tools/bin/../lib/gcc/arm-none-eabi/9.3.1/../../../../arm-none-eabi/lib/thumb/v7-m/nofp\libc_nano.a(lib_a-wctomb_r.o)
                0x0000000008008d98                __ascii_wctomb
 *fill*         0x0000000008008db2        0x2 
 .text.__assert_func
                0x0000000008008db4       0x3c d:/professional_software/stm32cubeide_1.8.0/stm32cubeide/plugins/com.st.stm32cube.ide.mcu.externaltools.gnu-tools-for-stm32.9-2020-q2-update.win32_2.0.0.202105311346/tools/bin/../lib/gcc/arm-none-eabi/9.3.1/../../../../arm-none-eabi/lib/thumb/v7-m/nofp\libc_nano.a(lib_a-assert.o)
                0x0000000008008db4                __assert_func
 .text.fprintf  0x0000000008008df0       0x24 d:/professional_software/stm32cubeide_1.8.0/stm32cubeide/plugins/com.st.stm32cube.ide.mcu.externaltools.gnu-tools-for-stm32.9-2020-q2-update.win32_2.0.0.202105311346/tools/bin/../lib/gcc/arm-none-eabi/9.3.1/../../../../arm-none-eabi/lib/thumb/v7-m/nofp\libc_nano.a(lib_a-fprintf.o)
                0x0000000008008df0                fiprintf
                0x0000000008008df0                fprintf
 .text._fstat_r
                0x0000000008008e14       0x24 d:/professional_software/stm32cubeide_1.8.0/stm32cubeide/plugins/com.st.stm32cube.ide.mcu.externaltools.gnu-tools-for-stm32.9-2020-q2-update.win32_2.0.0.202105311346/tools/bin/../lib/gcc/arm-none-eabi/9.3.1/../../../../arm-none-eabi/lib/thumb/v7-m/nofp\libc_nano.a(lib_a-fstatr.o)
                0x0000000008008e14                _fstat_r
 .text._isatty_r
                0x0000000008008e38       0x20 d:/professional_software/stm32cubeide_1.8.0/stm32cubeide/plugins/com.st.stm32cube.ide.mcu.externaltools.gnu-tools-for-stm32.9-2020-q2-update.win32_2.0.0.202105311346/tools/bin/../lib/gcc/arm-none-eabi/9.3.1/../../../../arm-none-eabi/lib/thumb/v7-m/nofp\libc_nano.a(lib_a-isattyr.o)
                0x0000000008008e38                _isatty_r
 .text.malloc   0x0000000008008e58       0x10 d:/professional_software/stm32cubeide_1.8.0/stm32cubeide/plugins/com.st.stm32cube.ide.mcu.externaltools.gnu-tools-for-stm32.9-2020-q2-update.win32_2.0.0.202105311346/tools/bin/../lib/gcc/arm-none-eabi/9.3.1/../../../../arm-none-eabi/lib/thumb/v7-m/nofp\libc_nano.a(lib_a-malloc.o)
                0x0000000008008e58                malloc
 .text.memchr   0x0000000008008e68       0x1c d:/professional_software/stm32cubeide_1.8.0/stm32cubeide/plugins/com.st.stm32cube.ide.mcu.externaltools.gnu-tools-for-stm32.9-2020-q2-update.win32_2.0.0.202105311346/tools/bin/../lib/gcc/arm-none-eabi/9.3.1/../../../../arm-none-eabi/lib/thumb/v7-m/nofp\libc_nano.a(lib_a-memchr-stub.o)
                0x0000000008008e68                memchr
 .text.memmove  0x0000000008008e84       0x34 d:/professional_software/stm32cubeide_1.8.0/stm32cubeide/plugins/com.st.stm32cube.ide.mcu.externaltools.gnu-tools-for-stm32.9-2020-q2-update.win32_2.0.0.202105311346/tools/bin/../lib/gcc/arm-none-eabi/9.3.1/../../../../arm-none-eabi/lib/thumb/v7-m/nofp\libc_nano.a(lib_a-memmove.o)
                0x0000000008008e84                memmove
 .text.__malloc_lock
                0x0000000008008eb8        0xc d:/professional_software/stm32cubeide_1.8.0/stm32cubeide/plugins/com.st.stm32cube.ide.mcu.externaltools.gnu-tools-for-stm32.9-2020-q2-update.win32_2.0.0.202105311346/tools/bin/../lib/gcc/arm-none-eabi/9.3.1/../../../../arm-none-eabi/lib/thumb/v7-m/nofp\libc_nano.a(lib_a-mlock.o)
                0x0000000008008eb8                __malloc_lock
 .text.__malloc_unlock
                0x0000000008008ec4        0xc d:/professional_software/stm32cubeide_1.8.0/stm32cubeide/plugins/com.st.stm32cube.ide.mcu.externaltools.gnu-tools-for-stm32.9-2020-q2-update.win32_2.0.0.202105311346/tools/bin/../lib/gcc/arm-none-eabi/9.3.1/../../../../arm-none-eabi/lib/thumb/v7-m/nofp\libc_nano.a(lib_a-mlock.o)
                0x0000000008008ec4                __malloc_unlock
 .text._realloc_r
                0x0000000008008ed0       0x4c d:/professional_software/stm32cubeide_1.8.0/stm32cubeide/plugins/com.st.stm32cube.ide.mcu.externaltools.gnu-tools-for-stm32.9-2020-q2-update.win32_2.0.0.202105311346/tools/bin/../lib/gcc/arm-none-eabi/9.3.1/../../../../arm-none-eabi/lib/thumb/v7-m/nofp\libc_nano.a(lib_a-nano-reallocr.o)
                0x0000000008008ed0                _realloc_r
 .text.__sfputc_r
                0x0000000008008f1c       0x2a d:/professional_software/stm32cubeide_1.8.0/stm32cubeide/plugins/com.st.stm32cube.ide.mcu.externaltools.gnu-tools-for-stm32.9-2020-q2-update.win32_2.0.0.202105311346/tools/bin/../lib/gcc/arm-none-eabi/9.3.1/../../../../arm-none-eabi/lib/thumb/v7-m/nofp\libc_nano.a(lib_a-nano-vfprintf.o)
 .text.__sfputs_r
                0x0000000008008f46       0x24 d:/professional_software/stm32cubeide_1.8.0/stm32cubeide/plugins/com.st.stm32cube.ide.mcu.externaltools.gnu-tools-for-stm32.9-2020-q2-update.win32_2.0.0.202105311346/tools/bin/../lib/gcc/arm-none-eabi/9.3.1/../../../../arm-none-eabi/lib/thumb/v7-m/nofp\libc_nano.a(lib_a-nano-vfprintf.o)
                0x0000000008008f46                __sfputs_r
 *fill*         0x0000000008008f6a        0x2 
 .text._vfprintf_r
                0x0000000008008f6c      0x260 d:/professional_software/stm32cubeide_1.8.0/stm32cubeide/plugins/com.st.stm32cube.ide.mcu.externaltools.gnu-tools-for-stm32.9-2020-q2-update.win32_2.0.0.202105311346/tools/bin/../lib/gcc/arm-none-eabi/9.3.1/../../../../arm-none-eabi/lib/thumb/v7-m/nofp\libc_nano.a(lib_a-nano-vfprintf.o)
                0x0000000008008f6c                _vfprintf_r
                0x0000000008008f6c                _vfiprintf_r
 .text._malloc_usable_size_r
                0x00000000080091cc       0x10 d:/professional_software/stm32cubeide_1.8.0/stm32cubeide/plugins/com.st.stm32cube.ide.mcu.externaltools.gnu-tools-for-stm32.9-2020-q2-update.win32_2.0.0.202105311346/tools/bin/../lib/gcc/arm-none-eabi/9.3.1/../../../../arm-none-eabi/lib/thumb/v7-m/nofp\libc_nano.a(lib_a-nano-msizer.o)
                0x00000000080091cc                _malloc_usable_size_r
 *(.glue_7)
 .glue_7        0x00000000080091dc        0x0 linker stubs
 *(.glue_7t)
 .glue_7t       0x00000000080091dc        0x0 linker stubs
 *(.eh_frame)
 .eh_frame      0x00000000080091dc        0x0 d:/professional_software/stm32cubeide_1.8.0/stm32cubeide/plugins/com.st.stm32cube.ide.mcu.externaltools.gnu-tools-for-stm32.9-2020-q2-update.win32_2.0.0.202105311346/tools/bin/../lib/gcc/arm-none-eabi/9.3.1/thumb/v7-m/nofp/crtbegin.o
 *(.init)
 .init          0x00000000080091dc        0x4 d:/professional_software/stm32cubeide_1.8.0/stm32cubeide/plugins/com.st.stm32cube.ide.mcu.externaltools.gnu-tools-for-stm32.9-2020-q2-update.win32_2.0.0.202105311346/tools/bin/../lib/gcc/arm-none-eabi/9.3.1/thumb/v7-m/nofp/crti.o
                0x00000000080091dc                _init
 .init          0x00000000080091e0        0x8 d:/professional_software/stm32cubeide_1.8.0/stm32cubeide/plugins/com.st.stm32cube.ide.mcu.externaltools.gnu-tools-for-stm32.9-2020-q2-update.win32_2.0.0.202105311346/tools/bin/../lib/gcc/arm-none-eabi/9.3.1/thumb/v7-m/nofp/crtn.o
 *(.fini)
 .fini          0x00000000080091e8        0x4 d:/professional_software/stm32cubeide_1.8.0/stm32cubeide/plugins/com.st.stm32cube.ide.mcu.externaltools.gnu-tools-for-stm32.9-2020-q2-update.win32_2.0.0.202105311346/tools/bin/../lib/gcc/arm-none-eabi/9.3.1/thumb/v7-m/nofp/crti.o
                0x00000000080091e8                _fini
 .fini          0x00000000080091ec        0x8 d:/professional_software/stm32cubeide_1.8.0/stm32cubeide/plugins/com.st.stm32cube.ide.mcu.externaltools.gnu-tools-for-stm32.9-2020-q2-update.win32_2.0.0.202105311346/tools/bin/../lib/gcc/arm-none-eabi/9.3.1/thumb/v7-m/nofp/crtn.o
                0x00000000080091f4                . = ALIGN (0x4)
                0x00000000080091f4                _etext = .

.vfp11_veneer   0x00000000080091f4        0x0
 .vfp11_veneer  0x00000000080091f4        0x0 linker stubs

.v4_bx          0x00000000080091f4        0x0
 .v4_bx         0x00000000080091f4        0x0 linker stubs

.iplt           0x00000000080091f4        0x0
 .iplt          0x00000000080091f4        0x0 d:/professional_software/stm32cubeide_1.8.0/stm32cubeide/plugins/com.st.stm32cube.ide.mcu.externaltools.gnu-tools-for-stm32.9-2020-q2-update.win32_2.0.0.202105311346/tools/bin/../lib/gcc/arm-none-eabi/9.3.1/thumb/v7-m/nofp/crtbegin.o

.rodata         0x00000000080091f8      0xd84
                0x00000000080091f8                . = ALIGN (0x4)
 *(.rodata)
 .rodata        0x00000000080091f8       0x10 ./Drivers/STM32F1xx_HAL_Driver/Src/stm32f1xx_hal_rcc.o
 *(.rodata*)
 .rodata.AHBPrescTable
                0x0000000008009208       0x10 ./Core/Src/system_stm32f1xx.o
                0x0000000008009208                AHBPrescTable
 .rodata.APBPrescTable
                0x0000000008009218        0x8 ./Core/Src/system_stm32f1xx.o
                0x0000000008009218                APBPrescTable
 .rodata._ZL9sin_pi_m2
                0x0000000008009220      0x802 ./Ctrl_V/Driver/tb67h450_base.o
 *fill*         0x0000000008009a22        0x2 
 .rodata._ZTV12TB67H450Base
                0x0000000008009a24       0x30 ./Ctrl_V/Driver/tb67h450_base.o
                0x0000000008009a24                vtable for TB67H450Base
 .rodata._ZTV10MT6816Base
                0x0000000008009a54       0x1c ./Ctrl_V/Sensor/Encoder/mt6816_base.o
                0x0000000008009a54                vtable for MT6816Base
 .rodata._ZTV6Button
                0x0000000008009a70        0xc ./Port/button_stm32.o
                0x0000000008009a70                vtable for Button
 .rodata._ZTV17EncoderCalibrator
                0x0000000008009a7c       0x18 ./Port/encoder_calibrator_stm32.o
                0x0000000008009a7c                vtable for EncoderCalibrator
 .rodata._ZTV6MT6816
                0x0000000008009a94       0x1c ./Port/mt6816_stm32.o
                0x0000000008009a94                vtable for MT6816
 .rodata._ZTV8TB67H450
                0x0000000008009ab0       0x30 ./Port/tb67h450_stm32.o
                0x0000000008009ab0                vtable for TB67H450
 .rodata._ZTV10ButtonBase
                0x0000000008009ae0        0xc ./UserApp/main.o
                0x0000000008009ae0                vtable for ButtonBase
 .rodata._ZTV21EncoderCalibratorBase
                0x0000000008009aec       0x18 ./UserApp/main.o
                0x0000000008009aec                vtable for EncoderCalibratorBase
 .rodata._ZTV10DriverBase
                0x0000000008009b04       0x1c ./UserApp/main.o
                0x0000000008009b04                vtable for DriverBase
 .rodata._ZTV11EncoderBase
                0x0000000008009b20       0x14 ./UserApp/main.o
                0x0000000008009b20                vtable for EncoderBase
 .rodata._global_impure_ptr
                0x0000000008009b34        0x4 d:/professional_software/stm32cubeide_1.8.0/stm32cubeide/plugins/com.st.stm32cube.ide.mcu.externaltools.gnu-tools-for-stm32.9-2020-q2-update.win32_2.0.0.202105311346/tools/bin/../lib/gcc/arm-none-eabi/9.3.1/../../../../arm-none-eabi/lib/thumb/v7-m/nofp\libc_nano.a(lib_a-impure.o)
                0x0000000008009b34                _global_impure_ptr
 .rodata._scanf_float.str1.1
                0x0000000008009b38        0x5 d:/professional_software/stm32cubeide_1.8.0/stm32cubeide/plugins/com.st.stm32cube.ide.mcu.externaltools.gnu-tools-for-stm32.9-2020-q2-update.win32_2.0.0.202105311346/tools/bin/../lib/gcc/arm-none-eabi/9.3.1/../../../../arm-none-eabi/lib/thumb/v7-m/nofp\libc_nano.a(lib_a-nano-vfscanf_float.o)
                                          0x6 (size before relaxing)
 .rodata._strtod_l.str1.1
                0x0000000008009b3d        0xc d:/professional_software/stm32cubeide_1.8.0/stm32cubeide/plugins/com.st.stm32cube.ide.mcu.externaltools.gnu-tools-for-stm32.9-2020-q2-update.win32_2.0.0.202105311346/tools/bin/../lib/gcc/arm-none-eabi/9.3.1/../../../../arm-none-eabi/lib/thumb/v7-m/nofp\libc_nano.a(lib_a-strtod.o)
                                          0xd (size before relaxing)
 *fill*         0x0000000008009b49        0x3 
 .rodata.fpi.6220
                0x0000000008009b4c       0x14 d:/professional_software/stm32cubeide_1.8.0/stm32cubeide/plugins/com.st.stm32cube.ide.mcu.externaltools.gnu-tools-for-stm32.9-2020-q2-update.win32_2.0.0.202105311346/tools/bin/../lib/gcc/arm-none-eabi/9.3.1/../../../../arm-none-eabi/lib/thumb/v7-m/nofp\libc_nano.a(lib_a-strtod.o)
 .rodata.fpinan.6256