motion_planner.h:28:18:MotionPlanner::CurrentTracker::CurrentTracker(MotionPlanner*)	16	static
motion_planner.h:57:18:MotionPlanner::VelocityTracker::VelocityTracker(MotionPlanner*)	16	static
motion_planner.h:86:18:MotionPlanner::PositionTracker::PositionTracker(MotionPlanner*)	16	static
motion_planner.h:122:18:MotionPlanner::PositionInterpolator::PositionInterpolator(MotionPlanner*)	16	static
motion_planner.h:150:18:MotionPlanner::TrajectoryTracker::TrajectoryTracker(MotionPlanner*)	16	static
motor.h:179:12:constexpr Motor::Config_t::Config_t()	16	static
motion_planner.h:9:5:constexpr MotionPlanner::MotionPlanner()	16	static
motor.h:11:5:Motor::Motor()	16	static
motor.h:108:18:Motor::Controller::Controller(Motor*)	16	static
encoder_base.h:7:7:constexpr EncoderBase::EncoderBase()	16	static
mt6816_base.h:10:14:MT6816Base::MT6816Base(uint16_t*)	16	static
mt6816_stm32.h:14:14:MT6816::MT6816()	16	static
driver_base.h:7:7:constexpr DriverBase::DriverBase()	16	static
tb67h450_base.h:9:14:constexpr TB67H450Base::TB67H450Base()	16	static
tb67h450_stm32.h:9:14:TB67H450::TB67H450()	16	static
main.cpp:20:6:void Main()	4	static
main.cpp:125:1:void __static_initialization_and_destruction_0(int, int)	16	static
main.cpp:125:1:cpp)	8	static
