main.c:80:5:main	8	static
main.c:134:6:SystemClock_Config	72	static
main.c:170:13:MX_CAN_Init	8	static
main.c:207:13:MX_SPI1_Init	8	static
main.c:245:13:MX_TIM2_Init	64	static
main.c:309:13:MX_USART1_UART_Init	8	static
main.c:342:13:MX_GPIO_Init	32	static
main.c:379:9:Mod	24	static
main.c:389:6:Output	40	static
main.c:439:6:UsDelay	16	static,ignoring_inline_asm
main.c:449:6:OneStep	16	static
main.c:460:6:MotorTurn_FW	8	static
main.c:586:6:MotorTurn_Stop	8	static
main.c:590:6:CalibrateEncoder	16	static
main.c:613:6:Error_Handler	4	static,ignoring_inline_asm
