main.c:82:5:main	8	static
main.c:134:6:SystemClock_Config	72	static
main.c:170:13:MX_CAN_Init	8	static
main.c:207:13:MX_SPI1_Init	8	static
main.c:245:13:MX_TIM1_Init	56	static
main.c:295:13:MX_TIM2_Init	64	static
main.c:359:13:MX_USART1_UART_Init	8	static
main.c:392:13:MX_GPIO_Init	32	static
main.c:429:9:Mod	24	static
main.c:439:6:Output	40	static
main.c:489:6:UsDelay	16	static,ignoring_inline_asm
main.c:499:6:OneStep	16	static
main.c:510:6:MotorTurn_FW	8	static
main.c:636:6:MotorTurn_Stop	8	static
main.c:640:6:CalibrateEncoder	16	static
main.c:663:6:Error_Handler	4	static,ignoring_inline_asm
